Archive member included to satisfy reference by file (symbol)

C:/ST/STM32CubeIDE_1.12.0/STM32CubeIDE/plugins/com.st.stm32cube.ide.mcu.externaltools.gnu-tools-for-stm32.13.3.rel1.win32_1.0.0.202411081344/tools/bin/../lib/gcc/arm-none-eabi/13.3.1/../../../../arm-none-eabi/lib/thumb/v7e-m+dp/hard\libc_nano.a(libc_a-exit.o)
                              C:/ST/STM32CubeIDE_1.12.0/STM32CubeIDE/plugins/com.st.stm32cube.ide.mcu.externaltools.gnu-tools-for-stm32.13.3.rel1.win32_1.0.0.202411081344/tools/bin/../lib/gcc/arm-none-eabi/13.3.1/../../../../arm-none-eabi/lib/thumb/v7e-m+dp/hard/crt0.o (exit)
C:/ST/STM32CubeIDE_1.12.0/STM32CubeIDE/plugins/com.st.stm32cube.ide.mcu.externaltools.gnu-tools-for-stm32.13.3.rel1.win32_1.0.0.202411081344/tools/bin/../lib/gcc/arm-none-eabi/13.3.1/../../../../arm-none-eabi/lib/thumb/v7e-m+dp/hard\libc_nano.a(libc_a-malloc.o)
                              ./Core/Src/main.o (malloc)
C:/ST/STM32CubeIDE_1.12.0/STM32CubeIDE/plugins/com.st.stm32cube.ide.mcu.externaltools.gnu-tools-for-stm32.13.3.rel1.win32_1.0.0.202411081344/tools/bin/../lib/gcc/arm-none-eabi/13.3.1/../../../../arm-none-eabi/lib/thumb/v7e-m+dp/hard\libc_nano.a(libc_a-mallocr.o)
                              C:/ST/STM32CubeIDE_1.12.0/STM32CubeIDE/plugins/com.st.stm32cube.ide.mcu.externaltools.gnu-tools-for-stm32.13.3.rel1.win32_1.0.0.202411081344/tools/bin/../lib/gcc/arm-none-eabi/13.3.1/../../../../arm-none-eabi/lib/thumb/v7e-m+dp/hard\libc_nano.a(libc_a-malloc.o) (_malloc_r)
C:/ST/STM32CubeIDE_1.12.0/STM32CubeIDE/plugins/com.st.stm32cube.ide.mcu.externaltools.gnu-tools-for-stm32.13.3.rel1.win32_1.0.0.202411081344/tools/bin/../lib/gcc/arm-none-eabi/13.3.1/../../../../arm-none-eabi/lib/thumb/v7e-m+dp/hard\libc_nano.a(libc_a-mlock.o)
                              C:/ST/STM32CubeIDE_1.12.0/STM32CubeIDE/plugins/com.st.stm32cube.ide.mcu.externaltools.gnu-tools-for-stm32.13.3.rel1.win32_1.0.0.202411081344/tools/bin/../lib/gcc/arm-none-eabi/13.3.1/../../../../arm-none-eabi/lib/thumb/v7e-m+dp/hard\libc_nano.a(libc_a-mallocr.o) (__malloc_lock)
C:/ST/STM32CubeIDE_1.12.0/STM32CubeIDE/plugins/com.st.stm32cube.ide.mcu.externaltools.gnu-tools-for-stm32.13.3.rel1.win32_1.0.0.202411081344/tools/bin/../lib/gcc/arm-none-eabi/13.3.1/../../../../arm-none-eabi/lib/thumb/v7e-m+dp/hard\libc_nano.a(libc_a-realloc.o)
                              ./Core/Src/main.o (realloc)
C:/ST/STM32CubeIDE_1.12.0/STM32CubeIDE/plugins/com.st.stm32cube.ide.mcu.externaltools.gnu-tools-for-stm32.13.3.rel1.win32_1.0.0.202411081344/tools/bin/../lib/gcc/arm-none-eabi/13.3.1/../../../../arm-none-eabi/lib/thumb/v7e-m+dp/hard\libc_nano.a(libc_a-reallocr.o)
                              C:/ST/STM32CubeIDE_1.12.0/STM32CubeIDE/plugins/com.st.stm32cube.ide.mcu.externaltools.gnu-tools-for-stm32.13.3.rel1.win32_1.0.0.202411081344/tools/bin/../lib/gcc/arm-none-eabi/13.3.1/../../../../arm-none-eabi/lib/thumb/v7e-m+dp/hard\libc_nano.a(libc_a-realloc.o) (_realloc_r)
C:/ST/STM32CubeIDE_1.12.0/STM32CubeIDE/plugins/com.st.stm32cube.ide.mcu.externaltools.gnu-tools-for-stm32.13.3.rel1.win32_1.0.0.202411081344/tools/bin/../lib/gcc/arm-none-eabi/13.3.1/../../../../arm-none-eabi/lib/thumb/v7e-m+dp/hard\libc_nano.a(libc_a-findfp.o)
                              C:/ST/STM32CubeIDE_1.12.0/STM32CubeIDE/plugins/com.st.stm32cube.ide.mcu.externaltools.gnu-tools-for-stm32.13.3.rel1.win32_1.0.0.202411081344/tools/bin/../lib/gcc/arm-none-eabi/13.3.1/../../../../arm-none-eabi/lib/thumb/v7e-m+dp/hard\libc_nano.a(libc_a-exit.o) (__stdio_exit_handler)
C:/ST/STM32CubeIDE_1.12.0/STM32CubeIDE/plugins/com.st.stm32cube.ide.mcu.externaltools.gnu-tools-for-stm32.13.3.rel1.win32_1.0.0.202411081344/tools/bin/../lib/gcc/arm-none-eabi/13.3.1/../../../../arm-none-eabi/lib/thumb/v7e-m+dp/hard\libc_nano.a(libc_a-fwalk.o)
                              C:/ST/STM32CubeIDE_1.12.0/STM32CubeIDE/plugins/com.st.stm32cube.ide.mcu.externaltools.gnu-tools-for-stm32.13.3.rel1.win32_1.0.0.202411081344/tools/bin/../lib/gcc/arm-none-eabi/13.3.1/../../../../arm-none-eabi/lib/thumb/v7e-m+dp/hard\libc_nano.a(libc_a-findfp.o) (_fwalk_sglue)
C:/ST/STM32CubeIDE_1.12.0/STM32CubeIDE/plugins/com.st.stm32cube.ide.mcu.externaltools.gnu-tools-for-stm32.13.3.rel1.win32_1.0.0.202411081344/tools/bin/../lib/gcc/arm-none-eabi/13.3.1/../../../../arm-none-eabi/lib/thumb/v7e-m+dp/hard\libc_nano.a(libc_a-printf.o)
                              ./Core/Src/main.o (printf)
C:/ST/STM32CubeIDE_1.12.0/STM32CubeIDE/plugins/com.st.stm32cube.ide.mcu.externaltools.gnu-tools-for-stm32.13.3.rel1.win32_1.0.0.202411081344/tools/bin/../lib/gcc/arm-none-eabi/13.3.1/../../../../arm-none-eabi/lib/thumb/v7e-m+dp/hard\libc_nano.a(libc_a-puts.o)
                              ./Core/Src/main.o (puts)
C:/ST/STM32CubeIDE_1.12.0/STM32CubeIDE/plugins/com.st.stm32cube.ide.mcu.externaltools.gnu-tools-for-stm32.13.3.rel1.win32_1.0.0.202411081344/tools/bin/../lib/gcc/arm-none-eabi/13.3.1/../../../../arm-none-eabi/lib/thumb/v7e-m+dp/hard\libc_nano.a(libc_a-sprintf.o)
[...]
Memory Configuration

Name             Origin             Length             Attributes
ITCMRAM          0x00000000         0x00010000         xrw
DTCMRAM          0x20000000         0x00020000         xrw
FLASH            0x08000000         0x00100000         xr
RAM_D1           0x24000000         0x00050000         xrw
RAM_D2           0x30000000         0x00008000         xrw
RAM_D3           0x38000000         0x00004000         xrw
*default*        0x00000000         0xffffffff

Linker script and memory map

LOAD C:/ST/STM32CubeIDE_1.12.0/STM32CubeIDE/plugins/com.st.stm32cube.ide.mcu.externaltools.gnu-tools-for-stm32.13.3.rel1.win32_1.0.0.202411081344/tools/bin/../lib/gcc/arm-none-eabi/13.3.1/thumb/v7e-m+dp/hard/crti.o
LOAD C:/ST/STM32CubeIDE_1.12.0/STM32CubeIDE/plugins/com.st.stm32cube.ide.mcu.externaltools.gnu-tools-for-stm32.13.3.rel1.win32_1.0.0.202411081344/tools/bin/../lib/gcc/arm-none-eabi/13.3.1/thumb/v7e-m+dp/hard/crtbegin.o
LOAD C:/ST/STM32CubeIDE_1.12.0/STM32CubeIDE/plugins/com.st.stm32cube.ide.mcu.externaltools.gnu-tools-for-stm32.13.3.rel1.win32_1.0.0.202411081344/tools/bin/../lib/gcc/arm-none-eabi/13.3.1/../../../../arm-none-eabi/lib/thumb/v7e-m+dp/hard/crt0.o
LOAD ./Core/Src/main.o
LOAD ./Core/Src/stm32h7xx_hal_msp.o
LOAD ./Core/Src/stm32h7xx_it.o
LOAD ./Core/Src/syscalls.o
LOAD ./Core/Src/sysmem.o
LOAD ./Core/Src/system_stm32h7xx.o
LOAD ./Core/Startup/startup_stm32h725vgtx.o
LOAD ./Drivers/STM32H7xx_HAL_Driver/Src/stm32h7xx_hal.o
LOAD ./Drivers/STM32H7xx_HAL_Driver/Src/stm32h7xx_hal_adc.o
LOAD ./Drivers/STM32H7xx_HAL_Driver/Src/stm32h7xx_hal_adc_ex.o
LOAD ./Drivers/STM32H7xx_HAL_Driver/Src/stm32h7xx_hal_cortex.o
LOAD ./Drivers/STM32H7xx_HAL_Driver/Src/stm32h7xx_hal_dma.o
LOAD ./Drivers/STM32H7xx_HAL_Driver/Src/stm32h7xx_hal_dma_ex.o
LOAD ./Drivers/STM32H7xx_HAL_Driver/Src/stm32h7xx_hal_exti.o
LOAD ./Drivers/STM32H7xx_HAL_Driver/Src/stm32h7xx_hal_flash.o
LOAD ./Drivers/STM32H7xx_HAL_Driver/Src/stm32h7xx_hal_flash_ex.o
LOAD ./Drivers/STM32H7xx_HAL_Driver/Src/stm32h7xx_hal_gpio.o
LOAD ./Drivers/STM32H7xx_HAL_Driver/Src/stm32h7xx_hal_hsem.o
LOAD ./Drivers/STM32H7xx_HAL_Driver/Src/stm32h7xx_hal_i2c.o
LOAD ./Drivers/STM32H7xx_HAL_Driver/Src/stm32h7xx_hal_i2c_ex.o
LOAD ./Drivers/STM32H7xx_HAL_Driver/Src/stm32h7xx_hal_mdma.o
LOAD ./Drivers/STM32H7xx_HAL_Driver/Src/stm32h7xx_hal_mmc.o
LOAD ./Drivers/STM32H7xx_HAL_Driver/Src/stm32h7xx_hal_mmc_ex.o
LOAD ./Drivers/STM32H7xx_HAL_Driver/Src/stm32h7xx_hal_pwr.o
LOAD ./Drivers/STM32H7xx_HAL_Driver/Src/stm32h7xx_hal_pwr_ex.o
LOAD ./Drivers/STM32H7xx_HAL_Driver/Src/stm32h7xx_hal_rcc.o
LOAD ./Drivers/STM32H7xx_HAL_Driver/Src/stm32h7xx_hal_rcc_ex.o
LOAD ./Drivers/STM32H7xx_HAL_Driver/Src/stm32h7xx_hal_rtc.o
LOAD ./Drivers/STM32H7xx_HAL_Driver/Src/stm32h7xx_hal_rtc_ex.o
LOAD ./Drivers/STM32H7xx_HAL_Driver/Src/stm32h7xx_hal_sd.o
LOAD ./Drivers/STM32H7xx_HAL_Driver/Src/stm32h7xx_hal_sd_ex.o
LOAD ./Drivers/STM32H7xx_HAL_Driver/Src/stm32h7xx_hal_spi.o
LOAD ./Drivers/STM32H7xx_HAL_Driver/Src/stm32h7xx_hal_spi_ex.o
LOAD ./Drivers/STM32H7xx_HAL_Driver/Src/stm32h7xx_hal_uart.o
LOAD ./Drivers/STM32H7xx_HAL_Driver/Src/stm32h7xx_hal_uart_ex.o
LOAD ./Drivers/STM32H7xx_HAL_Driver/Src/stm32h7xx_ll_delayblock.o
LOAD ./Drivers/STM32H7xx_HAL_Driver/Src/stm32h7xx_ll_sdmmc.o
LOAD ./FATFS/App/fatfs.o
LOAD ./FATFS/Target/bsp_driver_sd.o
LOAD ./FATFS/Target/fatfs_platform.o
LOAD ./FATFS/Target/sd_diskio.o
LOAD ./Middlewares/Third_Party/FatFs/src/diskio.o
LOAD ./Middlewares/Third_Party/FatFs/src/ff.o
LOAD ./Middlewares/Third_Party/FatFs/src/ff_gen_drv.o
LOAD ./Middlewares/Third_Party/FatFs/src/option/ccsbcs.o
LOAD ./Middlewares/Third_Party/FatFs/src/option/syscall.o
START GROUP
LOAD C:/ST/STM32CubeIDE_1.12.0/STM32CubeIDE/plugins/com.st.stm32cube.ide.mcu.externaltools.gnu-tools-for-stm32.13.3.rel1.win32_1.0.0.202411081344/tools/bin/../lib/gcc/arm-none-eabi/13.3.1/../../../../arm-none-eabi/lib/thumb/v7e-m+dp/hard\libc_nano.a
LOAD C:/ST/STM32CubeIDE_1.12.0/STM32CubeIDE/plugins/com.st.stm32cube.ide.mcu.externaltools.gnu-tools-for-stm32.13.3.rel1.win32_1.0.0.202411081344/tools/bin/../lib/gcc/arm-none-eabi/13.3.1/../../../../arm-none-eabi/lib/thumb/v7e-m+dp/hard\libm.a
END GROUP
START GROUP
LOAD C:/ST/STM32CubeIDE_1.12.0/STM32CubeIDE/plugins/com.st.stm32cube.ide.mcu.externaltools.gnu-tools-for-stm32.13.3.rel1.win32_1.0.0.202411081344/tools/bin/../lib/gcc/arm-none-eabi/13.3.1/thumb/v7e-m+dp/hard\libgcc.a
LOAD C:/ST/STM32CubeIDE_1.12.0/STM32CubeIDE/plugins/com.st.stm32cube.ide.mcu.externaltools.gnu-tools-for-stm32.13.3.rel1.win32_1.0.0.202411081344/tools/bin/../lib/gcc/arm-none-eabi/13.3.1/../../../../arm-none-eabi/lib/thumb/v7e-m+dp/hard\libc_nano.a
END GROUP
START GROUP
LOAD C:/ST/STM32CubeIDE_1.12.0/STM32CubeIDE/plugins/com.st.stm32cube.ide.mcu.externaltools.gnu-tools-for-stm32.13.3.rel1.win32_1.0.0.202411081344/tools/bin/../lib/gcc/arm-none-eabi/13.3.1/thumb/v7e-m+dp/hard\libgcc.a
LOAD C:/ST/STM32CubeIDE_1.12.0/STM32CubeIDE/plugins/com.st.stm32cube.ide.mcu.externaltools.gnu-tools-for-stm32.13.3.rel1.win32_1.0.0.202411081344/tools/bin/../lib/gcc/arm-none-eabi/13.3.1/../../../../arm-none-eabi/lib/thumb/v7e-m+dp/hard\libc_nano.a
LOAD C:/ST/STM32CubeIDE_1.12.0/STM32CubeIDE/plugins/com.st.stm32cube.ide.mcu.externaltools.gnu-tools-for-stm32.13.3.rel1.win32_1.0.0.202411081344/tools/bin/../lib/gcc/arm-none-eabi/13.3.1/../../../../arm-none-eabi/lib/thumb/v7e-m+dp/hard\libnosys.a
END GROUP
START GROUP
LOAD C:/ST/STM32CubeIDE_1.12.0/STM32CubeIDE/plugins/com.st.stm32cube.ide.mcu.externaltools.gnu-tools-for-stm32.13.3.rel1.win32_1.0.0.202411081344/tools/bin/../lib/gcc/arm-none-eabi/13.3.1/thumb/v7e-m+dp/hard\libgcc.a
LOAD C:/ST/STM32CubeIDE_1.12.0/STM32CubeIDE/plugins/com.st.stm32cube.ide.mcu.externaltools.gnu-tools-for-stm32.13.3.rel1.win32_1.0.0.202411081344/tools/bin/../lib/gcc/arm-none-eabi/13.3.1/../../../../arm-none-eabi/lib/thumb/v7e-m+dp/hard\libc_nano.a
LOAD C:/ST/STM32CubeIDE_1.12.0/STM32CubeIDE/plugins/com.st.stm32cube.ide.mcu.externaltools.gnu-tools-for-stm32.13.3.rel1.win32_1.0.0.202411081344/tools/bin/../lib/gcc/arm-none-eabi/13.3.1/../../../../arm-none-eabi/lib/thumb/v7e-m+dp/hard\libnosys.a
END GROUP
LOAD C:/ST/STM32CubeIDE_1.12.0/STM32CubeIDE/plugins/com.st.stm32cube.ide.mcu.externaltools.gnu-tools-for-stm32.13.3.rel1.win32_1.0.0.202411081344/tools/bin/../lib/gcc/arm-none-eabi/13.3.1/thumb/v7e-m+dp/hard/crtend.o
LOAD C:/ST/STM32CubeIDE_1.12.0/STM32CubeIDE/plugins/com.st.stm32cube.ide.mcu.externaltools.gnu-tools-for-stm32.13.3.rel1.win32_1.0.0.202411081344/tools/bin/../lib/gcc/arm-none-eabi/13.3.1/thumb/v7e-m+dp/hard/crtn.o
                0x24050000                        _estack = (ORIGIN (RAM_D1) + LENGTH (RAM_D1))
                0x00000200                        _Min_Heap_Size = 0x200
                0x00000400                        _Min_Stack_Size = 0x400

.isr_vector     0x08000000      0x2cc
                0x08000000                        . = ALIGN (0x4)
 *(.isr_vector)
 .isr_vector    0x08000000      0x2cc ./Core/Startup/startup_stm32h725vgtx.o
                0x08000000                g_pfnVectors
                0x080002cc                        . = ALIGN (0x4)

.text           0x080002cc     0xf24c
                0x080002cc                        . = ALIGN (0x4)
 *(.text)
 .text          0x080002cc       0x40 C:/ST/STM32CubeIDE_1.12.0/STM32CubeIDE/plugins/com.st.stm32cube.ide.mcu.externaltools.gnu-tools-for-stm32.13.3.rel1.win32_1.0.0.202411081344/tools/bin/../lib/gcc/arm-none-eabi/13.3.1/thumb/v7e-m+dp/hard/crtbegin.o
 .text          0x0800030c       0x30 C:/ST/STM32CubeIDE_1.12.0/STM32CubeIDE/plugins/com.st.stm32cube.ide.mcu.externaltools.gnu-tools-for-stm32.13.3.rel1.win32_1.0.0.202411081344/tools/bin/../lib/gcc/arm-none-eabi/13.3.1/thumb/v7e-m+dp/hard\libgcc.a(_aeabi_uldivmod.o)
                0x0800030c                __aeabi_uldivmod
 .text          0x0800033c      0x2f8 C:/ST/STM32CubeIDE_1.12.0/STM32CubeIDE/plugins/com.st.stm32cube.ide.mcu.externaltools.gnu-tools-for-stm32.13.3.rel1.win32_1.0.0.202411081344/tools/bin/../lib/gcc/arm-none-eabi/13.3.1/thumb/v7e-m+dp/hard\libgcc.a(_udivmoddi4.o)
                0x0800033c                __udivmoddi4
 .text          0x08000634        0x4 C:/ST/STM32CubeIDE_1.12.0/STM32CubeIDE/plugins/com.st.stm32cube.ide.mcu.externaltools.gnu-tools-for-stm32.13.3.rel1.win32_1.0.0.202411081344/tools/bin/../lib/gcc/arm-none-eabi/13.3.1/thumb/v7e-m+dp/hard\libgcc.a(_dvmd_tls.o)
                0x08000634                __aeabi_idiv0
                0x08000634                __aeabi_ldiv0
 *(.text*)
 .text.main     0x08000638       0x74 ./Core/Src/main.o
                0x08000638                main
 .text.SystemClock_Config
                0x080006ac       0xe0 ./Core/Src/main.o
                0x080006ac                SystemClock_Config
 .text.PeriphCommonClock_Config
                0x0800078c       0x64 ./Core/Src/main.o
                0x0800078c                PeriphCommonClock_Config
 .text.MX_ADC1_Init
                0x080007f0       0xf8 ./Core/Src/main.o
 .text.MX_RTC_Init
                0x080008e8       0xb8 ./Core/Src/main.o
 .text.MX_SDMMC1_SD_Init
                0x080009a0       0x3c ./Core/Src/main.o
 .text.MX_SPI6_Init
                0x080009dc       0xa0 ./Core/Src/main.o
 .text.MX_UART4_Init
                0x08000a7c       0x9c ./Core/Src/main.o
 .text.MX_USART3_UART_Init
                0x08000b18       0x98 ./Core/Src/main.o
 .text.MX_DMA_Init
                0x08000bb0       0x40 ./Core/Src/main.o
 .text.MX_MDMA_Init
                0x08000bf0       0xc8 ./Core/Src/main.o
 .text.MX_GPIO_Init
                0x08000cb8      0x1c0 ./Core/Src/main.o
 .text._write   0x08000e78       0x40 ./Core/Src/main.o
                0x08000e78                _write
 .text.HAL_ADC_ConvCpltCallback
                0x08000eb8       0x40 ./Core/Src/main.o
                0x08000eb8                HAL_ADC_ConvCpltCallback
 .text.MPU_Config
                0x08000ef8       0x58 ./Core/Src/main.o
 .text.Error_Handler
                0x08000f50        0xc ./Core/Src/main.o
                0x08000f50                Error_Handler
 .text.HAL_MspInit
                0x08000f5c       0x60 ./Core/Src/stm32h7xx_hal_msp.o
                0x08000f5c                HAL_MspInit
 .text.HAL_ADC_MspInit
                0x08000fbc      0x104 ./Core/Src/stm32h7xx_hal_msp.o
                0x08000fbc                HAL_ADC_MspInit
 .text.HAL_RTC_MspInit
                0x080010c0       0x64 ./Core/Src/stm32h7xx_hal_msp.o
                0x080010c0                HAL_RTC_MspInit
 .text.HAL_SD_MspInit
                0x08001124      0x12c ./Core/Src/stm32h7xx_hal_msp.o
                0x08001124                HAL_SD_MspInit
 .text.HAL_SPI_MspInit
                0x08001250       0xd0 ./Core/Src/stm32h7xx_hal_msp.o
                0x08001250                HAL_SPI_MspInit
 .text.HAL_UART_MspInit
                0x08001320      0x180 ./Core/Src/stm32h7xx_hal_msp.o
                0x08001320                HAL_UART_MspInit
 .text.NMI_Handler
                0x080014a0        0x8 ./Core/Src/stm32h7xx_it.o
                0x080014a0                NMI_Handler
 .text.HardFault_Handler
                0x080014a8        0x8 ./Core/Src/stm32h7xx_it.o
                0x080014a8                HardFault_Handler
 .text.MemManage_Handler
                0x080014b0        0x8 ./Core/Src/stm32h7xx_it.o
                0x080014b0                MemManage_Handler
 .text.BusFault_Handler
                0x080014b8        0x8 ./Core/Src/stm32h7xx_it.o
                0x080014b8                BusFault_Handler
 .text.UsageFault_Handler
                0x080014c0        0x8 ./Core/Src/stm32h7xx_it.o
                0x080014c0                UsageFault_Handler
 .text.SVC_Handler
                0x080014c8        0xe ./Core/Src/stm32h7xx_it.o
                0x080014c8                SVC_Handler
 .text.DebugMon_Handler
                0x080014d6        0xe ./Core/Src/stm32h7xx_it.o
                0x080014d6                DebugMon_Handler
 .text.PendSV_Handler
                0x080014e4        0xe ./Core/Src/stm32h7xx_it.o
                0x080014e4                PendSV_Handler
 .text.SysTick_Handler
                0x080014f2        0xc ./Core/Src/stm32h7xx_it.o
                0x080014f2                SysTick_Handler
 *fill*         0x080014fe        0x2 
 .text.DMA1_Stream0_IRQHandler
                0x08001500       0x14 ./Core/Src/stm32h7xx_it.o
                0x08001500                DMA1_Stream0_IRQHandler
 .text.ADC_IRQHandler
                0x08001514       0x14 ./Core/Src/stm32h7xx_it.o
                0x08001514                ADC_IRQHandler
 .text.SDMMC1_IRQHandler
                0x08001528       0x14 ./Core/Src/stm32h7xx_it.o
                0x08001528                SDMMC1_IRQHandler
 .text.UART4_IRQHandler
                0x0800153c       0x14 ./Core/Src/stm32h7xx_it.o
                0x0800153c                UART4_IRQHandler
 .text.MDMA_IRQHandler
                0x08001550       0x14 ./Core/Src/stm32h7xx_it.o
                0x08001550                MDMA_IRQHandler
 .text._read    0x08001564       0x3a ./Core/Src/syscalls.o
                0x08001564                _read
 .text._close   0x0800159e       0x18 ./Core/Src/syscalls.o
                0x0800159e                _close
 .text._fstat   0x080015b6       0x20 ./Core/Src/syscalls.o
                0x080015b6                _fstat
 .text._isatty  0x080015d6       0x16 ./Core/Src/syscalls.o
                0x080015d6                _isatty
 .text._lseek   0x080015ec       0x1a ./Core/Src/syscalls.o
                0x080015ec                _lseek
 *fill*         0x08001606        0x2 
 .text._sbrk    0x08001608       0x6c ./Core/Src/sysmem.o
                0x08001608                _sbrk
 .text.SystemInit
                0x08001674       0xf0 ./Core/Src/system_stm32h7xx.o
                0x08001674                SystemInit
 .text.Reset_Handler
                0x08001764       0x50 ./Core/Startup/startup_stm32h725vgtx.o
                0x08001764                Reset_Handler
 .text.Default_Handler
                0x080017b4        0x2 ./Core/Startup/startup_stm32h725vgtx.o
                0x080017b4                RTC_Alarm_IRQHandler
                0x080017b4                EXTI2_IRQHandler
                0x080017b4                TIM8_CC_IRQHandler
                0x080017b4                UART8_IRQHandler
                0x080017b4                SPI4_IRQHandler
                0x080017b4                FDCAN3_IT0_IRQHandler
                0x080017b4                TIM1_CC_IRQHandler
                0x080017b4                BDMA_Channel6_IRQHandler
                0x080017b4                DMA2_Stream5_IRQHandler
                0x080017b4                DMA1_Stream5_IRQHandler
                0x080017b4                CORDIC_IRQHandler
                0x080017b4                BDMA_Channel1_IRQHandler
                0x080017b4                TAMP_STAMP_IRQHandler
                0x080017b4                EXTI3_IRQHandler
                0x080017b4                LPTIM4_IRQHandler
                0x080017b4                TIM8_TRG_COM_TIM14_IRQHandler
                0x080017b4                LPTIM2_IRQHandler
                0x080017b4                DFSDM1_FLT1_IRQHandler
                0x080017b4                DMAMUX2_OVR_IRQHandler
                0x080017b4                TIM8_UP_TIM13_IRQHandler
                0x080017b4                I2C3_ER_IRQHandler
                0x080017b4                DFSDM1_FLT2_IRQHandler
                0x080017b4                I2C5_EV_IRQHandler
                0x080017b4                USART10_IRQHandler
                0x080017b4                LPTIM3_IRQHandler
                0x080017b4                HSEM1_IRQHandler
                0x080017b4                EXTI0_IRQHandler
                0x080017b4                I2C2_EV_IRQHandler
                0x080017b4                DMA1_Stream2_IRQHandler
                0x080017b4                FPU_IRQHandler
                0x080017b4                OTG_HS_WKUP_IRQHandler
                0x080017b4                FDCAN1_IT1_IRQHandler
                0x080017b4                LTDC_ER_IRQHandler
                0x080017b4                DMA2_Stream2_IRQHandler
                0x080017b4                SPI1_IRQHandler
                0x080017b4                OCTOSPI1_IRQHandler
                0x080017b4                TIM6_DAC_IRQHandler
                0x080017b4                DMA2_Stream3_IRQHandler
                0x080017b4                OCTOSPI2_IRQHandler
                0x080017b4                DFSDM1_FLT3_IRQHandler
                0x080017b4                TIM23_IRQHandler
                0x080017b4                USART6_IRQHandler
                0x080017b4                TIM17_IRQHandler
                0x080017b4                USART3_IRQHandler
                0x080017b4                BDMA_Channel7_IRQHandler
                0x080017b4                LPTIM5_IRQHandler
                0x080017b4                UART5_IRQHandler
                0x080017b4                ADC3_IRQHandler
                0x080017b4                DMA2_Stream0_IRQHandler
                0x080017b4                TIM4_IRQHandler
                0x080017b4                BDMA_Channel2_IRQHandler
                0x080017b4                I2C1_EV_IRQHandler
                0x080017b4                DMA1_Stream6_IRQHandler
                0x080017b4                DMAMUX1_OVR_IRQHandler
                0x080017b4                DMA1_Stream1_IRQHandler
                0x080017b4                TIM16_IRQHandler
                0x080017b4                BDMA_Channel5_IRQHandler
                0x080017b4                TIM3_IRQHandler
                0x080017b4                RCC_IRQHandler
                0x080017b4                UART9_IRQHandler
                0x080017b4                TIM8_BRK_TIM12_IRQHandler
                0x080017b4                TIM1_TRG_COM_IRQHandler
                0x080017b4                Default_Handler
                0x080017b4                ECC_IRQHandler
                0x080017b4                FMAC_IRQHandler
                0x080017b4                CEC_IRQHandler
                0x080017b4                EXTI15_10_IRQHandler
                0x080017b4                BDMA_Channel0_IRQHandler
                0x080017b4                I2C5_ER_IRQHandler
                0x080017b4                DMA1_Stream7_IRQHandler
                0x080017b4                SPI5_IRQHandler
                0x080017b4                TIM7_IRQHandler
                0x080017b4                FDCAN3_IT1_IRQHandler
                0x080017b4                TIM5_IRQHandler
                0x080017b4                DMA2_Stream7_IRQHandler
                0x080017b4                TIM15_IRQHandler
                0x080017b4                PVD_AVD_IRQHandler
                0x080017b4                I2C3_EV_IRQHandler
                0x080017b4                EXTI9_5_IRQHandler
                0x080017b4                RTC_WKUP_IRQHandler
                0x080017b4                LTDC_IRQHandler
                0x080017b4                ETH_WKUP_IRQHandler
                0x080017b4                SPDIF_RX_IRQHandler
                0x080017b4                SPI2_IRQHandler
                0x080017b4                OTG_HS_EP1_IN_IRQHandler
                0x080017b4                TIM24_IRQHandler
                0x080017b4                CRS_IRQHandler
                0x080017b4                EXTI4_IRQHandler
                0x080017b4                RNG_IRQHandler
                0x080017b4                FDCAN2_IT1_IRQHandler
                0x080017b4                ETH_IRQHandler
                0x080017b4                TIM1_UP_IRQHandler
                0x080017b4                BDMA_Channel4_IRQHandler
                0x080017b4                OTG_HS_EP1_OUT_IRQHandler
                0x080017b4                WWDG_IRQHandler
                0x080017b4                SPI6_IRQHandler
                0x080017b4                MDIOS_IRQHandler
                0x080017b4                I2C4_EV_IRQHandler
                0x080017b4                FDCAN2_IT0_IRQHandler
                0x080017b4                LPUART1_IRQHandler
                0x080017b4                FDCAN1_IT0_IRQHandler
                0x080017b4                TIM2_IRQHandler
                0x080017b4                OTG_HS_IRQHandler
                0x080017b4                DMA2D_IRQHandler
                0x080017b4                TIM1_BRK_IRQHandler
                0x080017b4                EXTI1_IRQHandler
                0x080017b4                SDMMC2_IRQHandler
                0x080017b4                BDMA_Channel3_IRQHandler
                0x080017b4                DTS_IRQHandler
                0x080017b4                UART7_IRQHandler
                0x080017b4                MDIOS_WKUP_IRQHandler
                0x080017b4                USART2_IRQHandler
                0x080017b4                DFSDM1_FLT0_IRQHandler
                0x080017b4                SAI4_IRQHandler
                0x080017b4                I2C2_ER_IRQHandler
                0x080017b4                DMA2_Stream1_IRQHandler
                0x080017b4                FLASH_IRQHandler
                0x080017b4                DMA2_Stream4_IRQHandler
                0x080017b4                USART1_IRQHandler
                0x080017b4                SPI3_IRQHandler
                0x080017b4                WAKEUP_PIN_IRQHandler
                0x080017b4                DMA1_Stream4_IRQHandler
                0x080017b4                I2C1_ER_IRQHandler
                0x080017b4                FMC_IRQHandler
                0x080017b4                FDCAN_CAL_IRQHandler
                0x080017b4                SWPMI1_IRQHandler
                0x080017b4                COMP1_IRQHandler
                0x080017b4                LPTIM1_IRQHandler
                0x080017b4                DCMI_PSSI_IRQHandler
                0x080017b4                I2C4_ER_IRQHandler
                0x080017b4                DMA2_Stream6_IRQHandler
                0x080017b4                SAI1_IRQHandler
                0x080017b4                DMA1_Stream3_IRQHandler
 *fill*         0x080017b6        0x2 
 .text.HAL_Init
                0x080017b8       0x78 ./Drivers/STM32H7xx_HAL_Driver/Src/stm32h7xx_hal.o
                0x080017b8                HAL_Init
 .text.HAL_InitTick
                0x08001830       0x6c ./Drivers/STM32H7xx_HAL_Driver/Src/stm32h7xx_hal.o
                0x08001830                HAL_InitTick
 .text.HAL_IncTick
                0x0800189c       0x28 ./Drivers/STM32H7xx_HAL_Driver/Src/stm32h7xx_hal.o
                0x0800189c                HAL_IncTick
 .text.HAL_GetTick
                0x080018c4       0x18 ./Drivers/STM32H7xx_HAL_Driver/Src/stm32h7xx_hal.o
                0x080018c4                HAL_GetTick
 .text.HAL_Delay
                0x080018dc       0x48 ./Drivers/STM32H7xx_HAL_Driver/Src/stm32h7xx_hal.o
                0x080018dc                HAL_Delay
 .text.HAL_SYSCFG_VREFBUF_VoltageScalingConfig
                0x08001924       0x28 ./Drivers/STM32H7xx_HAL_Driver/Src/stm32h7xx_hal.o
                0x08001924                HAL_SYSCFG_VREFBUF_VoltageScalingConfig
 .text.HAL_SYSCFG_VREFBUF_HighImpedanceConfig
                0x0800194c       0x28 ./Drivers/STM32H7xx_HAL_Driver/Src/stm32h7xx_hal.o
                0x0800194c                HAL_SYSCFG_VREFBUF_HighImpedanceConfig
 .text.HAL_SYSCFG_EnableVREFBUF
                0x08001974       0x48 ./Drivers/STM32H7xx_HAL_Driver/Src/stm32h7xx_hal.o
                0x08001974                HAL_SYSCFG_EnableVREFBUF
 .text.LL_ADC_SetCommonClock
                0x080019bc       0x26 ./Drivers/STM32H7xx_HAL_Driver/Src/stm32h7xx_hal_adc.o
 .text.LL_ADC_SetCommonPathInternalCh
                0x080019e2       0x26 ./Drivers/STM32H7xx_HAL_Driver/Src/stm32h7xx_hal_adc.o
 .text.LL_ADC_GetCommonPathInternalCh
                0x08001a08       0x1c ./Drivers/STM32H7xx_HAL_Driver/Src/stm32h7xx_hal_adc.o
 .text.LL_ADC_SetChannelPreselection
                0x08001a24       0x74 ./Drivers/STM32H7xx_HAL_Driver/Src/stm32h7xx_hal_adc.o
 .text.LL_ADC_SetOffset
                0x08001a98       0x64 ./Drivers/STM32H7xx_HAL_Driver/Src/stm32h7xx_hal_adc.o
 .text.LL_ADC_GetOffsetChannel
                0x08001afc       0x2c ./Drivers/STM32H7xx_HAL_Driver/Src/stm32h7xx_hal_adc.o
 .text.LL_ADC_SetDataRightShift
                0x08001b28       0x32 ./Drivers/STM32H7xx_HAL_Driver/Src/stm32h7xx_hal_adc.o
 *fill*         0x08001b5a        0x2 
 .text.LL_ADC_SetOffsetSignedSaturation
                0x08001b5c       0x44 ./Drivers/STM32H7xx_HAL_Driver/Src/stm32h7xx_hal_adc.o
 .text.LL_ADC_SetOffsetSaturation
                0x08001ba0       0x44 ./Drivers/STM32H7xx_HAL_Driver/Src/stm32h7xx_hal_adc.o
 .text.LL_ADC_SetOffsetSign
                0x08001be4       0x44 ./Drivers/STM32H7xx_HAL_Driver/Src/stm32h7xx_hal_adc.o
 .text.LL_ADC_SetOffsetState
                0x08001c28       0x54 ./Drivers/STM32H7xx_HAL_Driver/Src/stm32h7xx_hal_adc.o
 .text.LL_ADC_REG_IsTriggerSourceSWStart
                0x08001c7c       0x26 ./Drivers/STM32H7xx_HAL_Driver/Src/stm32h7xx_hal_adc.o
 .text.LL_ADC_REG_SetSequencerRanks
                0x08001ca2       0x58 ./Drivers/STM32H7xx_HAL_Driver/Src/stm32h7xx_hal_adc.o
 .text.LL_ADC_INJ_IsTriggerSourceSWStart
                0x08001cfa       0x26 ./Drivers/STM32H7xx_HAL_Driver/Src/stm32h7xx_hal_adc.o
 .text.LL_ADC_SetChannelSamplingTime
                0x08001d20       0x56 ./Drivers/STM32H7xx_HAL_Driver/Src/stm32h7xx_hal_adc.o
 *fill*         0x08001d76        0x2 
 .text.LL_ADC_SetChannelSingleDiff
                0x08001d78       0x80 ./Drivers/STM32H7xx_HAL_Driver/Src/stm32h7xx_hal_adc.o
 .text.LL_ADC_GetMultimode
                0x08001df8       0x1c ./Drivers/STM32H7xx_HAL_Driver/Src/stm32h7xx_hal_adc.o
 .text.LL_ADC_GetMultiDMATransfer
                0x08001e14       0x1c ./Drivers/STM32H7xx_HAL_Driver/Src/stm32h7xx_hal_adc.o
 .text.LL_ADC_DisableDeepPowerDown
                0x08001e30       0x24 ./Drivers/STM32H7xx_HAL_Driver/Src/stm32h7xx_hal_adc.o
 .text.LL_ADC_IsDeepPowerDownEnabled
                0x08001e54       0x28 ./Drivers/STM32H7xx_HAL_Driver/Src/stm32h7xx_hal_adc.o
 .text.LL_ADC_EnableInternalRegulator
                0x08001e7c       0x28 ./Drivers/STM32H7xx_HAL_Driver/Src/stm32h7xx_hal_adc.o
 .text.LL_ADC_IsInternalRegulatorEnabled
                0x08001ea4       0x28 ./Drivers/STM32H7xx_HAL_Driver/Src/stm32h7xx_hal_adc.o
 .text.LL_ADC_IsEnabled
                0x08001ecc       0x26 ./Drivers/STM32H7xx_HAL_Driver/Src/stm32h7xx_hal_adc.o
 .text.LL_ADC_REG_IsConversionOngoing
                0x08001ef2       0x26 ./Drivers/STM32H7xx_HAL_Driver/Src/stm32h7xx_hal_adc.o
 .text.LL_ADC_INJ_IsConversionOngoing
                0x08001f18       0x26 ./Drivers/STM32H7xx_HAL_Driver/Src/stm32h7xx_hal_adc.o
 *fill*         0x08001f3e        0x2 
 .text.HAL_ADC_Init
                0x08001f40      0x410 ./Drivers/STM32H7xx_HAL_Driver/Src/stm32h7xx_hal_adc.o
                0x08001f40                HAL_ADC_Init
 .text.HAL_ADC_IRQHandler
                0x08002350      0x474 ./Drivers/STM32H7xx_HAL_Driver/Src/stm32h7xx_hal_adc.o
                0x08002350                HAL_ADC_IRQHandler
 .text.HAL_ADC_LevelOutOfWindowCallback
                0x080027c4       0x14 ./Drivers/STM32H7xx_HAL_Driver/Src/stm32h7xx_hal_adc.o
                0x080027c4                HAL_ADC_LevelOutOfWindowCallback
 .text.HAL_ADC_ErrorCallback
                0x080027d8       0x14 ./Drivers/STM32H7xx_HAL_Driver/Src/stm32h7xx_hal_adc.o
                0x080027d8                HAL_ADC_ErrorCallback
 .text.HAL_ADC_ConfigChannel
                0x080027ec      0x9a8 ./Drivers/STM32H7xx_HAL_Driver/Src/stm32h7xx_hal_adc.o
                0x080027ec                HAL_ADC_ConfigChannel
 .text.ADC_ConfigureBoostMode
                0x08003194      0x1dc ./Drivers/STM32H7xx_HAL_Driver/Src/stm32h7xx_hal_adc.o
                0x08003194                ADC_ConfigureBoostMode
 .text.LL_ADC_IsEnabled
                0x08003370       0x26 ./Drivers/STM32H7xx_HAL_Driver/Src/stm32h7xx_hal_adc_ex.o
 .text.LL_ADC_REG_IsConversionOngoing
                0x08003396       0x26 ./Drivers/STM32H7xx_HAL_Driver/Src/stm32h7xx_hal_adc_ex.o
 .text.HAL_ADCEx_InjectedConvCpltCallback
                0x080033bc       0x14 ./Drivers/STM32H7xx_HAL_Driver/Src/stm32h7xx_hal_adc_ex.o
                0x080033bc                HAL_ADCEx_InjectedConvCpltCallback
 .text.HAL_ADCEx_InjectedQueueOverflowCallback
                0x080033d0       0x14 ./Drivers/STM32H7xx_HAL_Driver/Src/stm32h7xx_hal_adc_ex.o
                0x080033d0                HAL_ADCEx_InjectedQueueOverflowCallback
 .text.HAL_ADCEx_LevelOutOfWindow2Callback
                0x080033e4       0x14 ./Drivers/STM32H7xx_HAL_Driver/Src/stm32h7xx_hal_adc_ex.o
                0x080033e4                HAL_ADCEx_LevelOutOfWindow2Callback
 .text.HAL_ADCEx_LevelOutOfWindow3Callback
                0x080033f8       0x14 ./Drivers/STM32H7xx_HAL_Driver/Src/stm32h7xx_hal_adc_ex.o
                0x080033f8                HAL_ADCEx_LevelOutOfWindow3Callback
 .text.HAL_ADCEx_EndOfSamplingCallback
                0x0800340c       0x14 ./Drivers/STM32H7xx_HAL_Driver/Src/stm32h7xx_hal_adc_ex.o
                0x0800340c                HAL_ADCEx_EndOfSamplingCallback
 .text.HAL_ADCEx_MultiModeConfigChannel
                0x08003420      0x1c4 ./Drivers/STM32H7xx_HAL_Driver/Src/stm32h7xx_hal_adc_ex.o
                0x08003420                HAL_ADCEx_MultiModeConfigChannel
 .text.__NVIC_SetPriorityGrouping
                0x080035e4       0x48 ./Drivers/STM32H7xx_HAL_Driver/Src/stm32h7xx_hal_cortex.o
 .text.__NVIC_GetPriorityGrouping
                0x0800362c       0x1c ./Drivers/STM32H7xx_HAL_Driver/Src/stm32h7xx_hal_cortex.o
 .text.__NVIC_EnableIRQ
                0x08003648       0x3c ./Drivers/STM32H7xx_HAL_Driver/Src/stm32h7xx_hal_cortex.o
 .text.__NVIC_SetPriority
                0x08003684       0x54 ./Drivers/STM32H7xx_HAL_Driver/Src/stm32h7xx_hal_cortex.o
 .text.NVIC_EncodePriority
                0x080036d8       0x66 ./Drivers/STM32H7xx_HAL_Driver/Src/stm32h7xx_hal_cortex.o
 *fill*         0x0800373e        0x2 
 .text.SysTick_Config
                0x08003740       0x44 ./Drivers/STM32H7xx_HAL_Driver/Src/stm32h7xx_hal_cortex.o
 .text.HAL_NVIC_SetPriorityGrouping
                0x08003784       0x16 ./Drivers/STM32H7xx_HAL_Driver/Src/stm32h7xx_hal_cortex.o
                0x08003784                HAL_NVIC_SetPriorityGrouping
 .text.HAL_NVIC_SetPriority
                0x0800379a       0x34 ./Drivers/STM32H7xx_HAL_Driver/Src/stm32h7xx_hal_cortex.o
                0x0800379a                HAL_NVIC_SetPriority
 .text.HAL_NVIC_EnableIRQ
                0x080037ce       0x1c ./Drivers/STM32H7xx_HAL_Driver/Src/stm32h7xx_hal_cortex.o
                0x080037ce                HAL_NVIC_EnableIRQ
 .text.HAL_SYSTICK_Config
                0x080037ea       0x18 ./Drivers/STM32H7xx_HAL_Driver/Src/stm32h7xx_hal_cortex.o
                0x080037ea                HAL_SYSTICK_Config
 *fill*         0x08003802        0x2 
 .text.HAL_MPU_Disable
                0x08003804       0x30 ./Drivers/STM32H7xx_HAL_Driver/Src/stm32h7xx_hal_cortex.o
                0x08003804                HAL_MPU_Disable
 .text.HAL_MPU_Enable
                0x08003834       0x40 ./Drivers/STM32H7xx_HAL_Driver/Src/stm32h7xx_hal_cortex.o
                0x08003834                HAL_MPU_Enable
 .text.HAL_MPU_ConfigRegion
                0x08003874       0x80 ./Drivers/STM32H7xx_HAL_Driver/Src/stm32h7xx_hal_cortex.o
                0x08003874                HAL_MPU_ConfigRegion
 .text.HAL_DMA_Init
                0x080038f4      0x6b0 ./Drivers/STM32H7xx_HAL_Driver/Src/stm32h7xx_hal_dma.o
                0x080038f4                HAL_DMA_Init
 .text.HAL_DMA_Abort
                0x08003fa4      0x63c ./Drivers/STM32H7xx_HAL_Driver/Src/stm32h7xx_hal_dma.o
                0x08003fa4                HAL_DMA_Abort
 .text.HAL_DMA_Abort_IT
                0x080045e0      0x48c ./Drivers/STM32H7xx_HAL_Driver/Src/stm32h7xx_hal_dma.o
                0x080045e0                HAL_DMA_Abort_IT
 .text.HAL_DMA_IRQHandler
                0x08004a6c      0xe54 ./Drivers/STM32H7xx_HAL_Driver/Src/stm32h7xx_hal_dma.o
                0x08004a6c                HAL_DMA_IRQHandler
 .text.DMA_CalcBaseAndBitshift
                0x080058c0      0x164 ./Drivers/STM32H7xx_HAL_Driver/Src/stm32h7xx_hal_dma.o
 .text.DMA_CheckFifoParam
                0x08005a24       0xf8 ./Drivers/STM32H7xx_HAL_Driver/Src/stm32h7xx_hal_dma.o
 .text.DMA_CalcDMAMUXChannelBaseAndMask
                0x08005b1c      0x134 ./Drivers/STM32H7xx_HAL_Driver/Src/stm32h7xx_hal_dma.o
 .text.DMA_CalcDMAMUXRequestGenBaseAndMask
                0x08005c50       0xe8 ./Drivers/STM32H7xx_HAL_Driver/Src/stm32h7xx_hal_dma.o
 .text.HAL_GPIO_Init
                0x08005d38      0x350 ./Drivers/STM32H7xx_HAL_Driver/Src/stm32h7xx_hal_gpio.o
                0x08005d38                HAL_GPIO_Init
 .text.HAL_GPIO_ReadPin
                0x08006088       0x30 ./Drivers/STM32H7xx_HAL_Driver/Src/stm32h7xx_hal_gpio.o
                0x08006088                HAL_GPIO_ReadPin
 .text.HAL_GPIO_WritePin
                0x080060b8       0x32 ./Drivers/STM32H7xx_HAL_Driver/Src/stm32h7xx_hal_gpio.o
                0x080060b8                HAL_GPIO_WritePin
 .text.HAL_MDMA_Init
                0x080060ea       0x98 ./Drivers/STM32H7xx_HAL_Driver/Src/stm32h7xx_hal_mdma.o
                0x080060ea                HAL_MDMA_Init
 .text.HAL_MDMA_ConfigPostRequestMask
                0x08006182       0xa4 ./Drivers/STM32H7xx_HAL_Driver/Src/stm32h7xx_hal_mdma.o
                0x08006182                HAL_MDMA_ConfigPostRequestMask
 *fill*         0x08006226        0x2 
 .text.HAL_MDMA_IRQHandler
                0x08006228      0x2a8 ./Drivers/STM32H7xx_HAL_Driver/Src/stm32h7xx_hal_mdma.o
                0x08006228                HAL_MDMA_IRQHandler
 .text.MDMA_Init
                0x080064d0      0x130 ./Drivers/STM32H7xx_HAL_Driver/Src/stm32h7xx_hal_mdma.o
 .text.HAL_PWREx_ConfigSupply
                0x08006600       0xb4 ./Drivers/STM32H7xx_HAL_Driver/Src/stm32h7xx_hal_pwr_ex.o
                0x08006600                HAL_PWREx_ConfigSupply
 .text.HAL_RCC_OscConfig
                0x080066b4      0x7b4 ./Drivers/STM32H7xx_HAL_Driver/Src/stm32h7xx_hal_rcc.o
                0x080066b4                HAL_RCC_OscConfig
 .text.HAL_RCC_ClockConfig
                0x08006e68      0x36c ./Drivers/STM32H7xx_HAL_Driver/Src/stm32h7xx_hal_rcc.o
                0x08006e68                HAL_RCC_ClockConfig
 .text.HAL_RCC_GetSysClockFreq
                0x080071d4      0x2f4 ./Drivers/STM32H7xx_HAL_Driver/Src/stm32h7xx_hal_rcc.o
                0x080071d4                HAL_RCC_GetSysClockFreq
 .text.HAL_RCC_GetHCLKFreq
                0x080074c8       0x60 ./Drivers/STM32H7xx_HAL_Driver/Src/stm32h7xx_hal_rcc.o
                0x080074c8                HAL_RCC_GetHCLKFreq
 .text.HAL_RCC_GetPCLK1Freq
                0x08007528       0x2c ./Drivers/STM32H7xx_HAL_Driver/Src/stm32h7xx_hal_rcc.o
                0x08007528                HAL_RCC_GetPCLK1Freq
 .text.HAL_RCC_GetPCLK2Freq
                0x08007554       0x2c ./Drivers/STM32H7xx_HAL_Driver/Src/stm32h7xx_hal_rcc.o
                0x08007554                HAL_RCC_GetPCLK2Freq
 .text.HAL_RCCEx_PeriphCLKConfig
                0x08007580     0x1340 ./Drivers/STM32H7xx_HAL_Driver/Src/stm32h7xx_hal_rcc_ex.o
                0x08007580                HAL_RCCEx_PeriphCLKConfig
 .text.HAL_RCCEx_GetPeriphCLKFreq
                0x080088c0      0x9a4 ./Drivers/STM32H7xx_HAL_Driver/Src/stm32h7xx_hal_rcc_ex.o
                0x080088c0                HAL_RCCEx_GetPeriphCLKFreq
 .text.HAL_RCCEx_GetD3PCLK1Freq
                0x08009264       0x2c ./Drivers/STM32H7xx_HAL_Driver/Src/stm32h7xx_hal_rcc_ex.o
                0x08009264                HAL_RCCEx_GetD3PCLK1Freq
 .text.HAL_RCCEx_GetPLL2ClockFreq
                0x08009290      0x2a8 ./Drivers/STM32H7xx_HAL_Driver/Src/stm32h7xx_hal_rcc_ex.o
                0x08009290                HAL_RCCEx_GetPLL2ClockFreq
 .text.HAL_RCCEx_GetPLL3ClockFreq
                0x08009538      0x2a8 ./Drivers/STM32H7xx_HAL_Driver/Src/stm32h7xx_hal_rcc_ex.o
                0x08009538                HAL_RCCEx_GetPLL3ClockFreq
 .text.HAL_RCCEx_GetPLL1ClockFreq
                0x080097e0      0x2a4 ./Drivers/STM32H7xx_HAL_Driver/Src/stm32h7xx_hal_rcc_ex.o
                0x080097e0                HAL_RCCEx_GetPLL1ClockFreq
 .text.RCCEx_PLL2_Config
                0x08009a84      0x164 ./Drivers/STM32H7xx_HAL_Driver/Src/stm32h7xx_hal_rcc_ex.o
 .text.RCCEx_PLL3_Config
                0x08009be8      0x164 ./Drivers/STM32H7xx_HAL_Driver/Src/stm32h7xx_hal_rcc_ex.o
 .text.HAL_RTC_Init
                0x08009d4c      0x104 ./Drivers/STM32H7xx_HAL_Driver/Src/stm32h7xx_hal_rtc.o
                0x08009d4c                HAL_RTC_Init
 .text.HAL_RTC_SetTime
                0x08009e50      0x13c ./Drivers/STM32H7xx_HAL_Driver/Src/stm32h7xx_hal_rtc.o
                0x08009e50                HAL_RTC_SetTime
 .text.HAL_RTC_SetDate
                0x08009f8c      0x110 ./Drivers/STM32H7xx_HAL_Driver/Src/stm32h7xx_hal_rtc.o
                0x08009f8c                HAL_RTC_SetDate
 .text.HAL_RTC_WaitForSynchro
                0x0800a09c       0x48 ./Drivers/STM32H7xx_HAL_Driver/Src/stm32h7xx_hal_rtc.o
                0x0800a09c                HAL_RTC_WaitForSynchro
 .text.RTC_EnterInitMode
                0x0800a0e4       0x66 ./Drivers/STM32H7xx_HAL_Driver/Src/stm32h7xx_hal_rtc.o
                0x0800a0e4                RTC_EnterInitMode
 *fill*         0x0800a14a        0x2 
 .text.RTC_ExitInitMode
                0x0800a14c       0x7c ./Drivers/STM32H7xx_HAL_Driver/Src/stm32h7xx_hal_rtc.o
                0x0800a14c                RTC_ExitInitMode
 .text.RTC_ByteToBcd2
                0x0800a1c8       0x40 ./Drivers/STM32H7xx_HAL_Driver/Src/stm32h7xx_hal_rtc.o
                0x0800a1c8                RTC_ByteToBcd2
 .text.HAL_SD_Init
                0x0800a208      0x106 ./Drivers/STM32H7xx_HAL_Driver/Src/stm32h7xx_hal_sd.o
                0x0800a208                HAL_SD_Init
 *fill*         0x0800a30e        0x2 
 .text.HAL_SD_InitCard
                0x0800a310      0x138 ./Drivers/STM32H7xx_HAL_Driver/Src/stm32h7xx_hal_sd.o
                0x0800a310                HAL_SD_InitCard
 .text.HAL_SD_ReadBlocks_DMA
                0x0800a448      0x150 ./Drivers/STM32H7xx_HAL_Driver/Src/stm32h7xx_hal_sd.o
                0x0800a448                HAL_SD_ReadBlocks_DMA
 .text.HAL_SD_WriteBlocks_DMA
                0x0800a598      0x150 ./Drivers/STM32H7xx_HAL_Driver/Src/stm32h7xx_hal_sd.o
                0x0800a598                HAL_SD_WriteBlocks_DMA
 .text.HAL_SD_IRQHandler
                0x0800a6e8      0x370 ./Drivers/STM32H7xx_HAL_Driver/Src/stm32h7xx_hal_sd.o
                0x0800a6e8                HAL_SD_IRQHandler
 .text.HAL_SD_ErrorCallback
                0x0800aa58       0x14 ./Drivers/STM32H7xx_HAL_Driver/Src/stm32h7xx_hal_sd.o
                0x0800aa58                HAL_SD_ErrorCallback
 .text.HAL_SD_GetCardCSD
                0x0800aa6c      0x348 ./Drivers/STM32H7xx_HAL_Driver/Src/stm32h7xx_hal_sd.o
                0x0800aa6c                HAL_SD_GetCardCSD
 .text.HAL_SD_GetCardStatus
                0x0800adb4      0x17c ./Drivers/STM32H7xx_HAL_Driver/Src/stm32h7xx_hal_sd.o
                0x0800adb4                HAL_SD_GetCardStatus
 .text.HAL_SD_GetCardInfo
                0x0800af30       0x58 ./Drivers/STM32H7xx_HAL_Driver/Src/stm32h7xx_hal_sd.o
                0x0800af30                HAL_SD_GetCardInfo
 .text.HAL_SD_ConfigWideBusOperation
                0x0800af88      0x224 ./Drivers/STM32H7xx_HAL_Driver/Src/stm32h7xx_hal_sd.o
                0x0800af88                HAL_SD_ConfigWideBusOperation
 .text.HAL_SD_GetCardState
                0x0800b1ac       0x40 ./Drivers/STM32H7xx_HAL_Driver/Src/stm32h7xx_hal_sd.o
                0x0800b1ac                HAL_SD_GetCardState
 .text.SD_InitCard
                0x0800b1ec      0x19c ./Drivers/STM32H7xx_HAL_Driver/Src/stm32h7xx_hal_sd.o
 .text.SD_PowerON
                0x0800b388      0x11c ./Drivers/STM32H7xx_HAL_Driver/Src/stm32h7xx_hal_sd.o
 .text.SD_SendSDStatus
                0x0800b4a4      0x1a0 ./Drivers/STM32H7xx_HAL_Driver/Src/stm32h7xx_hal_sd.o
 .text.SD_SendStatus
                0x0800b644       0x50 ./Drivers/STM32H7xx_HAL_Driver/Src/stm32h7xx_hal_sd.o
 .text.SD_WideBus_Enable
                0x0800b694       0x96 ./Drivers/STM32H7xx_HAL_Driver/Src/stm32h7xx_hal_sd.o
 .text.SD_WideBus_Disable
                0x0800b72a       0x96 ./Drivers/STM32H7xx_HAL_Driver/Src/stm32h7xx_hal_sd.o
 .text.SD_FindSCR
                0x0800b7c0      0x1a0 ./Drivers/STM32H7xx_HAL_Driver/Src/stm32h7xx_hal_sd.o
 .text.SD_Read_IT
                0x0800b960       0x8c ./Drivers/STM32H7xx_HAL_Driver/Src/stm32h7xx_hal_sd.o
 .text.SD_Write_IT
                0x0800b9ec       0x94 ./Drivers/STM32H7xx_HAL_Driver/Src/stm32h7xx_hal_sd.o
 .text.HAL_SDEx_Read_DMADoubleBuf0CpltCallback
                0x0800ba80       0x14 ./Drivers/STM32H7xx_HAL_Driver/Src/stm32h7xx_hal_sd.o
                0x0800ba80                HAL_SDEx_Read_DMADoubleBuf0CpltCallback
 .text.HAL_SDEx_Read_DMADoubleBuf1CpltCallback
                0x0800ba94       0x14 ./Drivers/STM32H7xx_HAL_Driver/Src/stm32h7xx_hal_sd.o
                0x0800ba94                HAL_SDEx_Read_DMADoubleBuf1CpltCallback
 .text.HAL_SDEx_Write_DMADoubleBuf0CpltCallback
                0x0800baa8       0x14 ./Drivers/STM32H7xx_HAL_Driver/Src/stm32h7xx_hal_sd.o
                0x0800baa8                HAL_SDEx_Write_DMADoubleBuf0CpltCallback
 .text.HAL_SDEx_Write_DMADoubleBuf1CpltCallback
                0x0800babc       0x14 ./Drivers/STM32H7xx_HAL_Driver/Src/stm32h7xx_hal_sd.o
                0x0800babc                HAL_SDEx_Write_DMADoubleBuf1CpltCallback
 .text.HAL_SPI_Init
                0x0800bad0      0x248 ./Drivers/STM32H7xx_HAL_Driver/Src/stm32h7xx_hal_spi.o
                0x0800bad0                HAL_SPI_Init
 .text.SPI_GetPacketSize
                0x0800bd18       0x36 ./Drivers/STM32H7xx_HAL_Driver/Src/stm32h7xx_hal_spi.o
 .text.HAL_UART_Init
                0x0800bd4e       0xa0 ./Drivers/STM32H7xx_HAL_Driver/Src/stm32h7xx_hal_uart.o
                0x0800bd4e                HAL_UART_Init
 .text.HAL_UART_Transmit
                0x0800bdee      0x11c ./Drivers/STM32H7xx_HAL_Driver/Src/stm32h7xx_hal_uart.o
                0x0800bdee                HAL_UART_Transmit
 *fill*         0x0800bf0a        0x2 
 .text.HAL_UART_IRQHandler
                0x0800bf0c      0x7ac ./Drivers/STM32H7xx_HAL_Driver/Src/stm32h7xx_hal_uart.o
                0x0800bf0c                HAL_UART_IRQHandler
 .text.HAL_UART_TxCpltCallback
                0x0800c6b8       0x14 ./Drivers/STM32H7xx_HAL_Driver/Src/stm32h7xx_hal_uart.o
                0x0800c6b8                HAL_UART_TxCpltCallback
 .text.HAL_UART_ErrorCallback
                0x0800c6cc       0x14 ./Drivers/STM32H7xx_HAL_Driver/Src/stm32h7xx_hal_uart.o
                0x0800c6cc                HAL_UART_ErrorCallback
 .text.HAL_UARTEx_RxEventCallback
                0x0800c6e0       0x18 ./Drivers/STM32H7xx_HAL_Driver/Src/stm32h7xx_hal_uart.o
                0x0800c6e0                HAL_UARTEx_RxEventCallback
 .text.UART_SetConfig
                0x0800c6f8      0xcd8 ./Drivers/STM32H7xx_HAL_Driver/Src/stm32h7xx_hal_uart.o
                0x0800c6f8                UART_SetConfig
 .text.UART_AdvFeatureConfig
                0x0800d3d0      0x144 ./Drivers/STM32H7xx_HAL_Driver/Src/stm32h7xx_hal_uart.o
                0x0800d3d0                UART_AdvFeatureConfig
 .text.UART_CheckIdleState
                0x0800d514      0x154 ./Drivers/STM32H7xx_HAL_Driver/Src/stm32h7xx_hal_uart.o
                0x0800d514                UART_CheckIdleState
 .text.UART_WaitOnFlagUntilTimeout
                0x0800d668       0xda ./Drivers/STM32H7xx_HAL_Driver/Src/stm32h7xx_hal_uart.o
                0x0800d668                UART_WaitOnFlagUntilTimeout
 *fill*         0x0800d742        0x2 
 .text.UART_EndRxTransfer
                0x0800d744       0xcc ./Drivers/STM32H7xx_HAL_Driver/Src/stm32h7xx_hal_uart.o
 .text.UART_DMAAbortOnError
                0x0800d810       0x24 ./Drivers/STM32H7xx_HAL_Driver/Src/stm32h7xx_hal_uart.o
 .text.UART_EndTransmit_IT
                0x0800d834       0x56 ./Drivers/STM32H7xx_HAL_Driver/Src/stm32h7xx_hal_uart.o
 .text.HAL_UARTEx_WakeupCallback
                0x0800d88a       0x14 ./Drivers/STM32H7xx_HAL_Driver/Src/stm32h7xx_hal_uart_ex.o
                0x0800d88a                HAL_UARTEx_WakeupCallback
 .text.HAL_UARTEx_RxFifoFullCallback
                0x0800d89e       0x14 ./Drivers/STM32H7xx_HAL_Driver/Src/stm32h7xx_hal_uart_ex.o
                0x0800d89e                HAL_UARTEx_RxFifoFullCallback
 .text.HAL_UARTEx_TxFifoEmptyCallback
                0x0800d8b2       0x14 ./Drivers/STM32H7xx_HAL_Driver/Src/stm32h7xx_hal_uart_ex.o
                0x0800d8b2                HAL_UARTEx_TxFifoEmptyCallback
 .text.HAL_UARTEx_DisableFifoMode
                0x0800d8c6       0x72 ./Drivers/STM32H7xx_HAL_Driver/Src/stm32h7xx_hal_uart_ex.o
                0x0800d8c6                HAL_UARTEx_DisableFifoMode
 .text.HAL_UARTEx_SetTxFifoThreshold
                0x0800d938       0x7c ./Drivers/STM32H7xx_HAL_Driver/Src/stm32h7xx_hal_uart_ex.o
                0x0800d938                HAL_UARTEx_SetTxFifoThreshold
 .text.HAL_UARTEx_SetRxFifoThreshold
                0x0800d9b4       0x7c ./Drivers/STM32H7xx_HAL_Driver/Src/stm32h7xx_hal_uart_ex.o
                0x0800d9b4                HAL_UARTEx_SetRxFifoThreshold
 .text.UARTEx_SetNbDataToProcess
                0x0800da30       0x9c ./Drivers/STM32H7xx_HAL_Driver/Src/stm32h7xx_hal_uart_ex.o
 .text.SDMMC_Init
                0x0800dacc       0x54 ./Drivers/STM32H7xx_HAL_Driver/Src/stm32h7xx_ll_sdmmc.o
                0x0800dacc                SDMMC_Init
 .text.SDMMC_ReadFIFO
                0x0800db20       0x1a ./Drivers/STM32H7xx_HAL_Driver/Src/stm32h7xx_ll_sdmmc.o
                0x0800db20                SDMMC_ReadFIFO
 .text.SDMMC_WriteFIFO
                0x0800db3a       0x22 ./Drivers/STM32H7xx_HAL_Driver/Src/stm32h7xx_ll_sdmmc.o
                0x0800db3a                SDMMC_WriteFIFO
 .text.SDMMC_PowerState_ON
                0x0800db5c       0x22 ./Drivers/STM32H7xx_HAL_Driver/Src/stm32h7xx_ll_sdmmc.o
                0x0800db5c                SDMMC_PowerState_ON
 .text.SDMMC_GetPowerState
                0x0800db7e       0x1c ./Drivers/STM32H7xx_HAL_Driver/Src/stm32h7xx_ll_sdmmc.o
                0x0800db7e                SDMMC_GetPowerState
 *fill*         0x0800db9a        0x2 
 .text.SDMMC_SendCommand
                0x0800db9c       0x54 ./Drivers/STM32H7xx_HAL_Driver/Src/stm32h7xx_ll_sdmmc.o
                0x0800db9c                SDMMC_SendCommand
 .text.SDMMC_GetCommandResponse
                0x0800dbf0       0x1a ./Drivers/STM32H7xx_HAL_Driver/Src/stm32h7xx_ll_sdmmc.o
                0x0800dbf0                SDMMC_GetCommandResponse
 .text.SDMMC_GetResponse
                0x0800dc0a       0x26 ./Drivers/STM32H7xx_HAL_Driver/Src/stm32h7xx_ll_sdmmc.o
                0x0800dc0a                SDMMC_GetResponse
 .text.SDMMC_ConfigData
                0x0800dc30       0x58 ./Drivers/STM32H7xx_HAL_Driver/Src/stm32h7xx_ll_sdmmc.o
                0x0800dc30                SDMMC_ConfigData
 .text.SDMMC_CmdBlockLength
                0x0800dc88       0x46 ./Drivers/STM32H7xx_HAL_Driver/Src/stm32h7xx_ll_sdmmc.o
                0x0800dc88                SDMMC_CmdBlockLength
 .text.SDMMC_CmdReadSingleBlock
                0x0800dcce       0x46 ./Drivers/STM32H7xx_HAL_Driver/Src/stm32h7xx_ll_sdmmc.o
                0x0800dcce                SDMMC_CmdReadSingleBlock
 .text.SDMMC_CmdReadMultiBlock
                0x0800dd14       0x46 ./Drivers/STM32H7xx_HAL_Driver/Src/stm32h7xx_ll_sdmmc.o
                0x0800dd14                SDMMC_CmdReadMultiBlock
 .text.SDMMC_CmdWriteSingleBlock
                0x0800dd5a       0x46 ./Drivers/STM32H7xx_HAL_Driver/Src/stm32h7xx_ll_sdmmc.o
                0x0800dd5a                SDMMC_CmdWriteSingleBlock
 .text.SDMMC_CmdWriteMultiBlock
                0x0800dda0       0x46 ./Drivers/STM32H7xx_HAL_Driver/Src/stm32h7xx_ll_sdmmc.o
                0x0800dda0                SDMMC_CmdWriteMultiBlock
 *fill*         0x0800dde6        0x2 
 .text.SDMMC_CmdStopTransfer
                0x0800dde8       0x78 ./Drivers/STM32H7xx_HAL_Driver/Src/stm32h7xx_ll_sdmmc.o
                0x0800dde8                SDMMC_CmdStopTransfer
 .text.SDMMC_CmdSelDesel
                0x0800de60       0x46 ./Drivers/STM32H7xx_HAL_Driver/Src/stm32h7xx_ll_sdmmc.o
                0x0800de60                SDMMC_CmdSelDesel
 .text.SDMMC_CmdGoIdleState
                0x0800dea6       0x3c ./Drivers/STM32H7xx_HAL_Driver/Src/stm32h7xx_ll_sdmmc.o
                0x0800dea6                SDMMC_CmdGoIdleState
 .text.SDMMC_CmdOperCond
                0x0800dee2       0x40 ./Drivers/STM32H7xx_HAL_Driver/Src/stm32h7xx_ll_sdmmc.o
                0x0800dee2                SDMMC_CmdOperCond
 .text.SDMMC_CmdAppCommand
                0x0800df22       0x46 ./Drivers/STM32H7xx_HAL_Driver/Src/stm32h7xx_ll_sdmmc.o
                0x0800df22                SDMMC_CmdAppCommand
 .text.SDMMC_CmdAppOperCommand
                0x0800df68       0x40 ./Drivers/STM32H7xx_HAL_Driver/Src/stm32h7xx_ll_sdmmc.o
                0x0800df68                SDMMC_CmdAppOperCommand
 .text.SDMMC_CmdBusWidth
                0x0800dfa8       0x46 ./Drivers/STM32H7xx_HAL_Driver/Src/stm32h7xx_ll_sdmmc.o
                0x0800dfa8                SDMMC_CmdBusWidth
 .text.SDMMC_CmdSendSCR
                0x0800dfee       0x44 ./Drivers/STM32H7xx_HAL_Driver/Src/stm32h7xx_ll_sdmmc.o
                0x0800dfee                SDMMC_CmdSendSCR
 .text.SDMMC_CmdSendCID
                0x0800e032       0x3e ./Drivers/STM32H7xx_HAL_Driver/Src/stm32h7xx_ll_sdmmc.o
                0x0800e032                SDMMC_CmdSendCID
 .text.SDMMC_CmdSendCSD
                0x0800e070       0x40 ./Drivers/STM32H7xx_HAL_Driver/Src/stm32h7xx_ll_sdmmc.o
                0x0800e070                SDMMC_CmdSendCSD
 .text.SDMMC_CmdSetRelAdd
                0x0800e0b0       0x44 ./Drivers/STM32H7xx_HAL_Driver/Src/stm32h7xx_ll_sdmmc.o
                0x0800e0b0                SDMMC_CmdSetRelAdd
 .text.SDMMC_CmdSendStatus
                0x0800e0f4       0x46 ./Drivers/STM32H7xx_HAL_Driver/Src/stm32h7xx_ll_sdmmc.o
                0x0800e0f4                SDMMC_CmdSendStatus
 .text.SDMMC_CmdStatusRegister
                0x0800e13a       0x44 ./Drivers/STM32H7xx_HAL_Driver/Src/stm32h7xx_ll_sdmmc.o
                0x0800e13a                SDMMC_CmdStatusRegister
 *fill*         0x0800e17e        0x2 
 .text.SDMMC_GetCmdResp1
                0x0800e180      0x1e4 ./Drivers/STM32H7xx_HAL_Driver/Src/stm32h7xx_ll_sdmmc.o
                0x0800e180                SDMMC_GetCmdResp1
 .text.SDMMC_GetCmdResp2
                0x0800e364       0x94 ./Drivers/STM32H7xx_HAL_Driver/Src/stm32h7xx_ll_sdmmc.o
                0x0800e364                SDMMC_GetCmdResp2
 .text.SDMMC_GetCmdResp3
                0x0800e3f8       0x80 ./Drivers/STM32H7xx_HAL_Driver/Src/stm32h7xx_ll_sdmmc.o
                0x0800e3f8                SDMMC_GetCmdResp3
 .text.SDMMC_GetCmdResp6
                0x0800e478       0xf0 ./Drivers/STM32H7xx_HAL_Driver/Src/stm32h7xx_ll_sdmmc.o
                0x0800e478                SDMMC_GetCmdResp6
 .text.SDMMC_GetCmdResp7
                0x0800e568       0x9c ./Drivers/STM32H7xx_HAL_Driver/Src/stm32h7xx_ll_sdmmc.o
                0x0800e568                SDMMC_GetCmdResp7
 .text.SDMMC_GetCmdError
                0x0800e604       0x5c ./Drivers/STM32H7xx_HAL_Driver/Src/stm32h7xx_ll_sdmmc.o
 .text.MX_FATFS_Init
                0x0800e660       0x24 ./FATFS/App/fatfs.o
                0x0800e660                MX_FATFS_Init
 .text.BSP_SD_Init
                0x0800e684       0x4c ./FATFS/Target/bsp_driver_sd.o
                0x0800e684                BSP_SD_Init
 .text.BSP_SD_ReadBlocks_DMA
                0x0800e6d0       0x34 ./FATFS/Target/bsp_driver_sd.o
                0x0800e6d0                BSP_SD_ReadBlocks_DMA
 .text.BSP_SD_WriteBlocks_DMA
                0x0800e704       0x34 ./FATFS/Target/bsp_driver_sd.o
                0x0800e704                BSP_SD_WriteBlocks_DMA
 .text.BSP_SD_GetCardState
                0x0800e738       0x20 ./FATFS/Target/bsp_driver_sd.o
                0x0800e738                BSP_SD_GetCardState
 .text.BSP_SD_GetCardInfo
                0x0800e758       0x1c ./FATFS/Target/bsp_driver_sd.o
                0x0800e758                BSP_SD_GetCardInfo
 .text.HAL_SD_TxCpltCallback
                0x0800e774       0x14 ./FATFS/Target/bsp_driver_sd.o
                0x0800e774                HAL_SD_TxCpltCallback
 .text.HAL_SD_RxCpltCallback
                0x0800e788       0x14 ./FATFS/Target/bsp_driver_sd.o
                0x0800e788                HAL_SD_RxCpltCallback
 .text.BSP_SD_IsDetected
                0x0800e79c       0x24 ./FATFS/Target/bsp_driver_sd.o
                0x0800e79c                BSP_SD_IsDetected
 .text.BSP_PlatformIsDetected
                0x0800e7c0       0x2c ./FATFS/Target/fatfs_platform.o
                0x0800e7c0                BSP_PlatformIsDetected
 .text.SD_CheckStatusWithTimeout
                0x0800e7ec       0x3a ./FATFS/Target/sd_diskio.o
 *fill*         0x0800e826        0x2 
 .text.SD_CheckStatus
                0x0800e828       0x3c ./FATFS/Target/sd_diskio.o
 .text.SD_initialize
                0x0800e864       0x38 ./FATFS/Target/sd_diskio.o
                0x0800e864                SD_initialize
 .text.SD_status
                0x0800e89c       0x1c ./FATFS/Target/sd_diskio.o
                0x0800e89c                SD_status
 .text.SD_read  0x0800e8b8       0xac ./FATFS/Target/sd_diskio.o
                0x0800e8b8                SD_read
 .text.SD_write
                0x0800e964       0xac ./FATFS/Target/sd_diskio.o
                0x0800e964                SD_write
 .text.SD_ioctl
                0x0800ea10       0xb0 ./FATFS/Target/sd_diskio.o
                0x0800ea10                SD_ioctl
 .text.BSP_SD_WriteCpltCallback
                0x0800eac0       0x18 ./FATFS/Target/sd_diskio.o
                0x0800eac0                BSP_SD_WriteCpltCallback
 .text.BSP_SD_ReadCpltCallback
                0x0800ead8       0x18 ./FATFS/Target/sd_diskio.o
                0x0800ead8                BSP_SD_ReadCpltCallback
 .text.FATFS_LinkDriverEx
                0x0800eaf0       0x98 ./Middlewares/Third_Party/FatFs/src/ff_gen_drv.o
                0x0800eaf0                FATFS_LinkDriverEx
 .text.FATFS_LinkDriver
                0x0800eb88       0x1e ./Middlewares/Third_Party/FatFs/src/ff_gen_drv.o
                0x0800eb88                FATFS_LinkDriver
 *fill*         0x0800eba6        0x2 
 .text.sbrk_aligned
                0x0800eba8       0x44 C:/ST/STM32CubeIDE_1.12.0/STM32CubeIDE/plugins/com.st.stm32cube.ide.mcu.externaltools.gnu-tools-for-stm32.13.3.rel1.win32_1.0.0.202411081344/tools/bin/../lib/gcc/arm-none-eabi/13.3.1/../../../../arm-none-eabi/lib/thumb/v7e-m+dp/hard\libc_nano.a(libc_a-mallocr.o)
 .text._malloc_r
                0x0800ebec      0x100 C:/ST/STM32CubeIDE_1.12.0/STM32CubeIDE/plugins/com.st.stm32cube.ide.mcu.externaltools.gnu-tools-for-stm32.13.3.rel1.win32_1.0.0.202411081344/tools/bin/../lib/gcc/arm-none-eabi/13.3.1/../../../../arm-none-eabi/lib/thumb/v7e-m+dp/hard\libc_nano.a(libc_a-mallocr.o)
                0x0800ebec                _malloc_r
 .text.__malloc_lock
                0x0800ecec        0xc C:/ST/STM32CubeIDE_1.12.0/STM32CubeIDE/plugins/com.st.stm32cube.ide.mcu.externaltools.gnu-tools-for-stm32.13.3.rel1.win32_1.0.0.202411081344/tools/bin/../lib/gcc/arm-none-eabi/13.3.1/../../../../arm-none-eabi/lib/thumb/v7e-m+dp/hard\libc_nano.a(libc_a-mlock.o)
                0x0800ecec                __malloc_lock
 .text.__malloc_unlock
                0x0800ecf8        0xc C:/ST/STM32CubeIDE_1.12.0/STM32CubeIDE/plugins/com.st.stm32cube.ide.mcu.externaltools.gnu-tools-for-stm32.13.3.rel1.win32_1.0.0.202411081344/tools/bin/../lib/gcc/arm-none-eabi/13.3.1/../../../../arm-none-eabi/lib/thumb/v7e-m+dp/hard\libc_nano.a(libc_a-mlock.o)
                0x0800ecf8                __malloc_unlock
 .text.std      0x0800ed04       0x6c C:/ST/STM32CubeIDE_1.12.0/STM32CubeIDE/plugins/com.st.stm32cube.ide.mcu.externaltools.gnu-tools-for-stm32.13.3.rel1.win32_1.0.0.202411081344/tools/bin/../lib/gcc/arm-none-eabi/13.3.1/../../../../arm-none-eabi/lib/thumb/v7e-m+dp/hard\libc_nano.a(libc_a-findfp.o)
 .text.stdio_exit_handler
                0x0800ed70       0x18 C:/ST/STM32CubeIDE_1.12.0/STM32CubeIDE/plugins/com.st.stm32cube.ide.mcu.externaltools.gnu-tools-for-stm32.13.3.rel1.win32_1.0.0.202411081344/tools/bin/../lib/gcc/arm-none-eabi/13.3.1/../../../../arm-none-eabi/lib/thumb/v7e-m+dp/hard\libc_nano.a(libc_a-findfp.o)
 .text.cleanup_stdio
                0x0800ed88       0x40 C:/ST/STM32CubeIDE_1.12.0/STM32CubeIDE/plugins/com.st.stm32cube.ide.mcu.externaltools.gnu-tools-for-stm32.13.3.rel1.win32_1.0.0.202411081344/tools/bin/../lib/gcc/arm-none-eabi/13.3.1/../../../../arm-none-eabi/lib/thumb/v7e-m+dp/hard\libc_nano.a(libc_a-findfp.o)
 .text.global_stdio_init.part.0
                0x0800edc8       0x3c C:/ST/STM32CubeIDE_1.12.0/STM32CubeIDE/plugins/com.st.stm32cube.ide.mcu.externaltools.gnu-tools-for-stm32.13.3.rel1.win32_1.0.0.202411081344/tools/bin/../lib/gcc/arm-none-eabi/13.3.1/../../../../arm-none-eabi/lib/thumb/v7e-m+dp/hard\libc_nano.a(libc_a-findfp.o)
 .text.__sfp_lock_acquire
                0x0800ee04        0xc C:/ST/STM32CubeIDE_1.12.0/STM32CubeIDE/plugins/com.st.stm32cube.ide.mcu.externaltools.gnu-tools-for-stm32.13.3.rel1.win32_1.0.0.202411081344/tools/bin/../lib/gcc/arm-none-eabi/13.3.1/../../../../arm-none-eabi/lib/thumb/v7e-m+dp/hard\libc_nano.a(libc_a-findfp.o)
                0x0800ee04                __sfp_lock_acquire
 .text.__sfp_lock_release
                0x0800ee10        0xc C:/ST/STM32CubeIDE_1.12.0/STM32CubeIDE/plugins/com.st.stm32cube.ide.mcu.externaltools.gnu-tools-for-stm32.13.3.rel1.win32_1.0.0.202411081344/tools/bin/../lib/gcc/arm-none-eabi/13.3.1/../../../../arm-none-eabi/lib/thumb/v7e-m+dp/hard\libc_nano.a(libc_a-findfp.o)
                0x0800ee10                __sfp_lock_release
 .text.__sinit  0x0800ee1c       0x30 C:/ST/STM32CubeIDE_1.12.0/STM32CubeIDE/plugins/com.st.stm32cube.ide.mcu.externaltools.gnu-tools-for-stm32.13.3.rel1.win32_1.0.0.202411081344/tools/bin/../lib/gcc/arm-none-eabi/13.3.1/../../../../arm-none-eabi/lib/thumb/v7e-m+dp/hard\libc_nano.a(libc_a-findfp.o)
                0x0800ee1c                __sinit
 .text._fwalk_sglue
                0x0800ee4c       0x3c C:/ST/STM32CubeIDE_1.12.0/STM32CubeIDE/plugins/com.st.stm32cube.ide.mcu.externaltools.gnu-tools-for-stm32.13.3.rel1.win32_1.0.0.202411081344/tools/bin/../lib/gcc/arm-none-eabi/13.3.1/../../../../arm-none-eabi/lib/thumb/v7e-m+dp/hard\libc_nano.a(libc_a-fwalk.o)
                0x0800ee4c                _fwalk_sglue
 .text._puts_r  0x0800ee88       0xaa C:/ST/STM32CubeIDE_1.12.0/STM32CubeIDE/plugins/com.st.stm32cube.ide.mcu.externaltools.gnu-tools-for-stm32.13.3.rel1.win32_1.0.0.202411081344/tools/bin/../lib/gcc/arm-none-eabi/13.3.1/../../../../arm-none-eabi/lib/thumb/v7e-m+dp/hard\libc_nano.a(libc_a-puts.o)
                0x0800ee88                _puts_r
 *fill*         0x0800ef32        0x2 
 .text.puts     0x0800ef34       0x10 C:/ST/STM32CubeIDE_1.12.0/STM32CubeIDE/plugins/com.st.stm32cube.ide.mcu.externaltools.gnu-tools-for-stm32.13.3.rel1.win32_1.0.0.202411081344/tools/bin/../lib/gcc/arm-none-eabi/13.3.1/../../../../arm-none-eabi/lib/thumb/v7e-m+dp/hard\libc_nano.a(libc_a-puts.o)
                0x0800ef34                puts
 .text.__sread  0x0800ef44       0x22 C:/ST/STM32CubeIDE_1.12.0/STM32CubeIDE/plugins/com.st.stm32cube.ide.mcu.externaltools.gnu-tools-for-stm32.13.3.rel1.win32_1.0.0.202411081344/tools/bin/../lib/gcc/arm-none-eabi/13.3.1/../../../../arm-none-eabi/lib/thumb/v7e-m+dp/hard\libc_nano.a(libc_a-stdio.o)
                0x0800ef44                __sread
 .text.__swrite
                0x0800ef66       0x38 C:/ST/STM32CubeIDE_1.12.0/STM32CubeIDE/plugins/com.st.stm32cube.ide.mcu.externaltools.gnu-tools-for-stm32.13.3.rel1.win32_1.0.0.202411081344/tools/bin/../lib/gcc/arm-none-eabi/13.3.1/../../../../arm-none-eabi/lib/thumb/v7e-m+dp/hard\libc_nano.a(libc_a-stdio.o)
                0x0800ef66                __swrite
 .text.__sseek  0x0800ef9e       0x24 C:/ST/STM32CubeIDE_1.12.0/STM32CubeIDE/plugins/com.st.stm32cube.ide.mcu.externaltools.gnu-tools-for-stm32.13.3.rel1.win32_1.0.0.202411081344/tools/bin/../lib/gcc/arm-none-eabi/13.3.1/../../../../arm-none-eabi/lib/thumb/v7e-m+dp/hard\libc_nano.a(libc_a-stdio.o)
                0x0800ef9e                __sseek
 .text.__sclose
                0x0800efc2        0x8 C:/ST/STM32CubeIDE_1.12.0/STM32CubeIDE/plugins/com.st.stm32cube.ide.mcu.externaltools.gnu-tools-for-stm32.13.3.rel1.win32_1.0.0.202411081344/tools/bin/../lib/gcc/arm-none-eabi/13.3.1/../../../../arm-none-eabi/lib/thumb/v7e-m+dp/hard\libc_nano.a(libc_a-stdio.o)
                0x0800efc2                __sclose
 .text.__swbuf_r
                0x0800efca       0x7c C:/ST/STM32CubeIDE_1.12.0/STM32CubeIDE/plugins/com.st.stm32cube.ide.mcu.externaltools.gnu-tools-for-stm32.13.3.rel1.win32_1.0.0.202411081344/tools/bin/../lib/gcc/arm-none-eabi/13.3.1/../../../../arm-none-eabi/lib/thumb/v7e-m+dp/hard\libc_nano.a(libc_a-wbuf.o)
                0x0800efca                __swbuf_r
 *fill*         0x0800f046        0x2 
 .text.__swsetup_r
                0x0800f048       0xac C:/ST/STM32CubeIDE_1.12.0/STM32CubeIDE/plugins/com.st.stm32cube.ide.mcu.externaltools.gnu-tools-for-stm32.13.3.rel1.win32_1.0.0.202411081344/tools/bin/../lib/gcc/arm-none-eabi/13.3.1/../../../../arm-none-eabi/lib/thumb/v7e-m+dp/hard\libc_nano.a(libc_a-wsetup.o)
                0x0800f048                __swsetup_r
 .text.memset   0x0800f0f4       0x10 C:/ST/STM32CubeIDE_1.12.0/STM32CubeIDE/plugins/com.st.stm32cube.ide.mcu.externaltools.gnu-tools-for-stm32.13.3.rel1.win32_1.0.0.202411081344/tools/bin/../lib/gcc/arm-none-eabi/13.3.1/../../../../arm-none-eabi/lib/thumb/v7e-m+dp/hard\libc_nano.a(libc_a-memset.o)
                0x0800f0f4                memset
 .text._close_r
                0x0800f104       0x20 C:/ST/STM32CubeIDE_1.12.0/STM32CubeIDE/plugins/com.st.stm32cube.ide.mcu.externaltools.gnu-tools-for-stm32.13.3.rel1.win32_1.0.0.202411081344/tools/bin/../lib/gcc/arm-none-eabi/13.3.1/../../../../arm-none-eabi/lib/thumb/v7e-m+dp/hard\libc_nano.a(libc_a-closer.o)
                0x0800f104                _close_r
 .text._lseek_r
                0x0800f124       0x24 C:/ST/STM32CubeIDE_1.12.0/STM32CubeIDE/plugins/com.st.stm32cube.ide.mcu.externaltools.gnu-tools-for-stm32.13.3.rel1.win32_1.0.0.202411081344/tools/bin/../lib/gcc/arm-none-eabi/13.3.1/../../../../arm-none-eabi/lib/thumb/v7e-m+dp/hard\libc_nano.a(libc_a-lseekr.o)
                0x0800f124                _lseek_r
 .text._read_r  0x0800f148       0x24 C:/ST/STM32CubeIDE_1.12.0/STM32CubeIDE/plugins/com.st.stm32cube.ide.mcu.externaltools.gnu-tools-for-stm32.13.3.rel1.win32_1.0.0.202411081344/tools/bin/../lib/gcc/arm-none-eabi/13.3.1/../../../../arm-none-eabi/lib/thumb/v7e-m+dp/hard\libc_nano.a(libc_a-readr.o)
                0x0800f148                _read_r
 .text._sbrk_r  0x0800f16c       0x20 C:/ST/STM32CubeIDE_1.12.0/STM32CubeIDE/plugins/com.st.stm32cube.ide.mcu.externaltools.gnu-tools-for-stm32.13.3.rel1.win32_1.0.0.202411081344/tools/bin/../lib/gcc/arm-none-eabi/13.3.1/../../../../arm-none-eabi/lib/thumb/v7e-m+dp/hard\libc_nano.a(libc_a-sbrkr.o)
                0x0800f16c                _sbrk_r
 .text._write_r
                0x0800f18c       0x24 C:/ST/STM32CubeIDE_1.12.0/STM32CubeIDE/plugins/com.st.stm32cube.ide.mcu.externaltools.gnu-tools-for-stm32.13.3.rel1.win32_1.0.0.202411081344/tools/bin/../lib/gcc/arm-none-eabi/13.3.1/../../../../arm-none-eabi/lib/thumb/v7e-m+dp/hard\libc_nano.a(libc_a-writer.o)
                0x0800f18c                _write_r
 .text.__errno  0x0800f1b0        0xc C:/ST/STM32CubeIDE_1.12.0/STM32CubeIDE/plugins/com.st.stm32cube.ide.mcu.externaltools.gnu-tools-for-stm32.13.3.rel1.win32_1.0.0.202411081344/tools/bin/../lib/gcc/arm-none-eabi/13.3.1/../../../../arm-none-eabi/lib/thumb/v7e-m+dp/hard\libc_nano.a(libc_a-errno.o)
                0x0800f1b0                __errno
 .text.__libc_init_array
                0x0800f1bc       0x48 C:/ST/STM32CubeIDE_1.12.0/STM32CubeIDE/plugins/com.st.stm32cube.ide.mcu.externaltools.gnu-tools-for-stm32.13.3.rel1.win32_1.0.0.202411081344/tools/bin/../lib/gcc/arm-none-eabi/13.3.1/../../../../arm-none-eabi/lib/thumb/v7e-m+dp/hard\libc_nano.a(libc_a-init.o)
                0x0800f1bc                __libc_init_array
 .text.__retarget_lock_init_recursive
                0x0800f204        0x2 C:/ST/STM32CubeIDE_1.12.0/STM32CubeIDE/plugins/com.st.stm32cube.ide.mcu.externaltools.gnu-tools-for-stm32.13.3.rel1.win32_1.0.0.202411081344/tools/bin/../lib/gcc/arm-none-eabi/13.3.1/../../../../arm-none-eabi/lib/thumb/v7e-m+dp/hard\libc_nano.a(libc_a-lock.o)
                0x0800f204                __retarget_lock_init_recursive
 .text.__retarget_lock_acquire_recursive
                0x0800f206        0x2 C:/ST/STM32CubeIDE_1.12.0/STM32CubeIDE/plugins/com.st.stm32cube.ide.mcu.externaltools.gnu-tools-for-stm32.13.3.rel1.win32_1.0.0.202411081344/tools/bin/../lib/gcc/arm-none-eabi/13.3.1/../../../../arm-none-eabi/lib/thumb/v7e-m+dp/hard\libc_nano.a(libc_a-lock.o)
                0x0800f206                __retarget_lock_acquire_recursive
 .text.__retarget_lock_release_recursive
                0x0800f208        0x2 C:/ST/STM32CubeIDE_1.12.0/STM32CubeIDE/plugins/com.st.stm32cube.ide.mcu.externaltools.gnu-tools-for-stm32.13.3.rel1.win32_1.0.0.202411081344/tools/bin/../lib/gcc/arm-none-eabi/13.3.1/../../../../arm-none-eabi/lib/thumb/v7e-m+dp/hard\libc_nano.a(libc_a-lock.o)
                0x0800f208                __retarget_lock_release_recursive
 *fill*         0x0800f20a        0x2 
 .text._free_r  0x0800f20c       0x94 C:/ST/STM32CubeIDE_1.12.0/STM32CubeIDE/plugins/com.st.stm32cube.ide.mcu.externaltools.gnu-tools-for-stm32.13.3.rel1.win32_1.0.0.202411081344/tools/bin/../lib/gcc/arm-none-eabi/13.3.1/../../../../arm-none-eabi/lib/thumb/v7e-m+dp/hard\libc_nano.a(libc_a-freer.o)
                0x0800f20c                _free_r
 .text.__sflush_r
                0x0800f2a0      0x108 C:/ST/STM32CubeIDE_1.12.0/STM32CubeIDE/plugins/com.st.stm32cube.ide.mcu.externaltools.gnu-tools-for-stm32.13.3.rel1.win32_1.0.0.202411081344/tools/bin/../lib/gcc/arm-none-eabi/13.3.1/../../../../arm-none-eabi/lib/thumb/v7e-m+dp/hard\libc_nano.a(libc_a-fflush.o)
                0x0800f2a0                __sflush_r
 .text._fflush_r
                0x0800f3a8       0x50 C:/ST/STM32CubeIDE_1.12.0/STM32CubeIDE/plugins/com.st.stm32cube.ide.mcu.externaltools.gnu-tools-for-stm32.13.3.rel1.win32_1.0.0.202411081344/tools/bin/../lib/gcc/arm-none-eabi/13.3.1/../../../../arm-none-eabi/lib/thumb/v7e-m+dp/hard\libc_nano.a(libc_a-fflush.o)
                0x0800f3a8                _fflush_r
 .text.__swhatbuf_r
                0x0800f3f8       0x4c C:/ST/STM32CubeIDE_1.12.0/STM32CubeIDE/plugins/com.st.stm32cube.ide.mcu.externaltools.gnu-tools-for-stm32.13.3.rel1.win32_1.0.0.202411081344/tools/bin/../lib/gcc/arm-none-eabi/13.3.1/../../../../arm-none-eabi/lib/thumb/v7e-m+dp/hard\libc_nano.a(libc_a-makebuf.o)
                0x0800f3f8                __swhatbuf_r
 .text.__smakebuf_r
                0x0800f444       0x78 C:/ST/STM32CubeIDE_1.12.0/STM32CubeIDE/plugins/com.st.stm32cube.ide.mcu.externaltools.gnu-tools-for-stm32.13.3.rel1.win32_1.0.0.202411081344/tools/bin/../lib/gcc/arm-none-eabi/13.3.1/../../../../arm-none-eabi/lib/thumb/v7e-m+dp/hard\libc_nano.a(libc_a-makebuf.o)
                0x0800f444                __smakebuf_r
 .text._fstat_r
                0x0800f4bc       0x24 C:/ST/STM32CubeIDE_1.12.0/STM32CubeIDE/plugins/com.st.stm32cube.ide.mcu.externaltools.gnu-tools-for-stm32.13.3.rel1.win32_1.0.0.202411081344/tools/bin/../lib/gcc/arm-none-eabi/13.3.1/../../../../arm-none-eabi/lib/thumb/v7e-m+dp/hard\libc_nano.a(libc_a-fstatr.o)
                0x0800f4bc                _fstat_r
 .text._isatty_r
                0x0800f4e0       0x20 C:/ST/STM32CubeIDE_1.12.0/STM32CubeIDE/plugins/com.st.stm32cube.ide.mcu.externaltools.gnu-tools-for-stm32.13.3.rel1.win32_1.0.0.202411081344/tools/bin/../lib/gcc/arm-none-eabi/13.3.1/../../../../arm-none-eabi/lib/thumb/v7e-m+dp/hard\libc_nano.a(libc_a-isattyr.o)
                0x0800f4e0                _isatty_r
 *(.glue_7)
 .glue_7        0x0800f500        0x0 linker stubs
 *(.glue_7t)
 .glue_7t       0x0800f500        0x0 linker stubs
 *(.eh_frame)
 .eh_frame      0x0800f500        0x0 C:/ST/STM32CubeIDE_1.12.0/STM32CubeIDE/plugins/com.st.stm32cube.ide.mcu.externaltools.gnu-tools-for-stm32.13.3.rel1.win32_1.0.0.202411081344/tools/bin/../lib/gcc/arm-none-eabi/13.3.1/thumb/v7e-m+dp/hard/crtbegin.o
 *(.init)
 .init          0x0800f500        0x4 C:/ST/STM32CubeIDE_1.12.0/STM32CubeIDE/plugins/com.st.stm32cube.ide.mcu.externaltools.gnu-tools-for-stm32.13.3.rel1.win32_1.0.0.202411081344/tools/bin/../lib/gcc/arm-none-eabi/13.3.1/thumb/v7e-m+dp/hard/crti.o
                0x0800f500                _init
 .init          0x0800f504        0x8 C:/ST/STM32CubeIDE_1.12.0/STM32CubeIDE/plugins/com.st.stm32cube.ide.mcu.externaltools.gnu-tools-for-stm32.13.3.rel1.win32_1.0.0.202411081344/tools/bin/../lib/gcc/arm-none-eabi/13.3.1/thumb/v7e-m+dp/hard/crtn.o
 *(.fini)
 .fini          0x0800f50c        0x4 C:/ST/STM32CubeIDE_1.12.0/STM32CubeIDE/plugins/com.st.stm32cube.ide.mcu.externaltools.gnu-tools-for-stm32.13.3.rel1.win32_1.0.0.202411081344/tools/bin/../lib/gcc/arm-none-eabi/13.3.1/thumb/v7e-m+dp/hard/crti.o
                0x0800f50c                _fini
 .fini          0x0800f510        0x8 C:/ST/STM32CubeIDE_1.12.0/STM32CubeIDE/plugins/com.st.stm32cube.ide.mcu.externaltools.gnu-tools-for-stm32.13.3.rel1.win32_1.0.0.202411081344/tools/bin/../lib/gcc/arm-none-eabi/13.3.1/thumb/v7e-m+dp/hard/crtn.o
                0x0800f518                        . = ALIGN (0x4)
                0x0800f518                        _etext = .

.vfp11_veneer   0x0800f518        0x0
 .vfp11_veneer  0x0800f518        0x0 linker stubs

.v4_bx          0x0800f518        0x0
 .v4_bx         0x0800f518        0x0 linker stubs

.iplt           0x0800f518        0x0
 .iplt          0x0800f518        0x0 C:/ST/STM32CubeIDE_1.12.0/STM32CubeIDE/plugins/com.st.stm32cube.ide.mcu.externaltools.gnu-tools-for-stm32.13.3.rel1.win32_1.0.0.202411081344/tools/bin/../lib/gcc/arm-none-eabi/13.3.1/thumb/v7e-m+dp/hard/crtbegin.o

.rodata         0x0800f518      0x3b8
                0x0800f518                        . = ALIGN (0x4)
 *(.rodata)
 .rodata        0x0800f518      0x361 ./Core/Src/main.o
 *(.rodata*)
 *fill*         0x0800f879        0x3 
 .rodata.D1CorePrescTable
                0x0800f87c       0x10 ./Core/Src/system_stm32h7xx.o
                0x0800f87c                D1CorePrescTable
 .rodata.flagBitshiftOffset.0
                0x0800f88c        0x8 ./Drivers/STM32H7xx_HAL_Driver/Src/stm32h7xx_hal_dma.o
 .rodata.UARTPrescTable
                0x0800f894       0x18 ./Drivers/STM32H7xx_HAL_Driver/Src/stm32h7xx_hal_uart.o
                0x0800f894                UARTPrescTable
 .rodata.numerator.1
                0x0800f8ac        0x8 ./Drivers/STM32H7xx_HAL_Driver/Src/stm32h7xx_hal_uart_ex.o
 .rodata.denominator.0
                0x0800f8b4        0x8 ./Drivers/STM32H7xx_HAL_Driver/Src/stm32h7xx_hal_uart_ex.o
 .rodata.SD_Driver
                0x0800f8bc       0x14 ./FATFS/Target/sd_diskio.o
                0x0800f8bc                SD_Driver
                0x0800f8d0                        . = ALIGN (0x4)

.ARM.extab
 *(.ARM.extab* .gnu.linkonce.armextab.*)

.ARM            0x0800f8d0        0x8
                0x0800f8d0                        __exidx_start = .
 *(.ARM.exidx*)
 .ARM.exidx     0x0800f8d0        0x8 C:/ST/STM32CubeIDE_1.12.0/STM32CubeIDE/plugins/com.st.stm32cube.ide.mcu.externaltools.gnu-tools-for-stm32.13.3.rel1.win32_1.0.0.202411081344/tools/bin/../lib/gcc/arm-none-eabi/13.3.1/thumb/v7e-m+dp/hard\libgcc.a(_udivmoddi4.o)
                0x0800f8d8                        __exidx_end = .

.preinit_array  0x0800f8d8        0x0
                0x0800f8d8                        PROVIDE (__preinit_array_start = .)
 *(.preinit_array*)
                0x0800f8d8                        PROVIDE (__preinit_array_end = .)

.init_array     0x0800f8d8        0x4
                0x0800f8d8                        PROVIDE (__init_array_start = .)
 *(SORT_BY_NAME(.init_array.*))
 *(.init_array*)
 .init_array    0x0800f8d8        0x4 C:/ST/STM32CubeIDE_1.12.0/STM32CubeIDE/plugins/com.st.stm32cube.ide.mcu.externaltools.gnu-tools-for-stm32.13.3.rel1.win32_1.0.0.202411081344/tools/bin/../lib/gcc/arm-none-eabi/13.3.1/thumb/v7e-m+dp/hard/crtbegin.o
                0x0800f8dc                        PROVIDE (__init_array_end = .)

.fini_array     0x0800f8dc        0x4
                [!provide]                        PROVIDE (__fini_array_start = .)
 *(SORT_BY_NAME(.fini_array.*))
 *(.fini_array*)
 .fini_array    0x0800f8dc        0x4 C:/ST/STM32CubeIDE_1.12.0/STM32CubeIDE/plugins/com.st.stm32cube.ide.mcu.externaltools.gnu-tools-for-stm32.13.3.rel1.win32_1.0.0.202411081344/tools/bin/../lib/gcc/arm-none-eabi/13.3.1/thumb/v7e-m+dp/hard/crtbegin.o
                [!provide]                        PROVIDE (__fini_array_end = .)
                0x0800f8e0                        _sidata = LOADADDR (.data)

.rel.dyn        0x0800f8e0        0x0
 .rel.iplt      0x0800f8e0        0x0 C:/ST/STM32CubeIDE_1.12.0/STM32CubeIDE/plugins/com.st.stm32cube.ide.mcu.externaltools.gnu-tools-for-stm32.13.3.rel1.win32_1.0.0.202411081344/tools/bin/../lib/gcc/arm-none-eabi/13.3.1/thumb/v7e-m+dp/hard/crtbegin.o

.data           0x24000000       0x6c load address 0x0800f8e0
                0x24000000                        . = ALIGN (0x4)
                0x24000000                        _sdata = .
 *(.data)
 *(.data*)
 .data.SystemCoreClock
                0x24000000        0x4 ./Core/Src/system_stm32h7xx.o
                0x24000000                SystemCoreClock
 .data.SystemD2Clock
                0x24000004        0x4 ./Core/Src/system_stm32h7xx.o
                0x24000004                SystemD2Clock
 .data.uwTickPrio
                0x24000008        0x4 ./Drivers/STM32H7xx_HAL_Driver/Src/stm32h7xx_hal.o
                0x24000008                uwTickPrio
 .data.uwTickFreq
                0x2400000c        0x1 ./Drivers/STM32H7xx_HAL_Driver/Src/stm32h7xx_hal.o
                0x2400000c                uwTickFreq
 .data.Stat     0x2400000d        0x1 ./FATFS/Target/sd_diskio.o
 *fill*         0x2400000e        0x2 
 .data.__sglue  0x24000010        0xc C:/ST/STM32CubeIDE_1.12.0/STM32CubeIDE/plugins/com.st.stm32cube.ide.mcu.externaltools.gnu-tools-for-stm32.13.3.rel1.win32_1.0.0.202411081344/tools/bin/../lib/gcc/arm-none-eabi/13.3.1/../../../../arm-none-eabi/lib/thumb/v7e-m+dp/hard\libc_nano.a(libc_a-findfp.o)
                0x24000010                __sglue
 .data._impure_ptr
                0x2400001c        0x4 C:/ST/STM32CubeIDE_1.12.0/STM32CubeIDE/plugins/com.st.stm32cube.ide.mcu.externaltools.gnu-tools-for-stm32.13.3.rel1.win32_1.0.0.202411081344/tools/bin/../lib/gcc/arm-none-eabi/13.3.1/../../../../arm-none-eabi/lib/thumb/v7e-m+dp/hard\libc_nano.a(libc_a-impure.o)
                0x2400001c                _impure_ptr
 .data._impure_data
                0x24000020       0x4c C:/ST/STM32CubeIDE_1.12.0/STM32CubeIDE/plugins/com.st.stm32cube.ide.mcu.externaltools.gnu-tools-for-stm32.13.3.rel1.win32_1.0.0.202411081344/tools/bin/../lib/gcc/arm-none-eabi/13.3.1/../../../../arm-none-eabi/lib/thumb/v7e-m+dp/hard\libc_nano.a(libc_a-impure.o)
                0x24000020                _impure_data
 *(.RamFunc)
 *(.RamFunc*)
                0x2400006c                        . = ALIGN (0x4)
                0x2400006c                        _edata = .

.igot.plt       0x2400006c        0x0 load address 0x0800f94c
 .igot.plt      0x2400006c        0x0 C:/ST/STM32CubeIDE_1.12.0/STM32CubeIDE/plugins/com.st.stm32cube.ide.mcu.externaltools.gnu-tools-for-stm32.13.3.rel1.win32_1.0.0.202411081344/tools/bin/../lib/gcc/arm-none-eabi/13.3.1/thumb/v7e-m+dp/hard/crtbegin.o
                0x2400006c                        . = ALIGN (0x4)

.bss            0x2400006c      0x538 load address 0x0800f94c
                0x2400006c                        _sbss = .
                0x2400006c                        __bss_start__ = _sbss
 *(.bss)
 .bss           0x2400006c       0x1c C:/ST/STM32CubeIDE_1.12.0/STM32CubeIDE/plugins/com.st.stm32cube.ide.mcu.externaltools.gnu-tools-for-stm32.13.3.rel1.win32_1.0.0.202411081344/tools/bin/../lib/gcc/arm-none-eabi/13.3.1/thumb/v7e-m+dp/hard/crtbegin.o
 *(.bss*)
 .bss.hadc1     0x24000088       0x70 ./Core/Src/main.o
                0x24000088                hadc1
 .bss.hdma_adc1
                0x240000f8       0x78 ./Core/Src/main.o
                0x240000f8                hdma_adc1
 .bss.hrtc      0x24000170       0x24 ./Core/Src/main.o
                0x24000170                hrtc
 .bss.hsd1      0x24000194       0x7c ./Core/Src/main.o
                0x24000194                hsd1
 .bss.hspi6     0x24000210       0x88 ./Core/Src/main.o
                0x24000210                hspi6
 .bss.huart4    0x24000298       0x94 ./Core/Src/main.o
                0x24000298                huart4
 .bss.huart3    0x2400032c       0x94 ./Core/Src/main.o
                0x2400032c                huart3
 .bss.hmdma_mdma_channel0_dma1_stream0_tc_0
                0x240003c0       0x6c ./Core/Src/main.o
                0x240003c0                hmdma_mdma_channel0_dma1_stream0_tc_0
 .bss.adc_lower_status
                0x2400042c        0x2 ./Core/Src/main.o
                0x2400042c                adc_lower_status
 .bss.adc_upper_status
                0x2400042e        0x2 ./Core/Src/main.o
                0x2400042e                adc_upper_status
 .bss.ADC_overrun
                0x24000430        0x4 ./Core/Src/main.o
                0x24000430                ADC_overrun
 .bss.__sbrk_heap_end
                0x24000434        0x4 ./Core/Src/sysmem.o
 .bss.uwTick    0x24000438        0x4 ./Drivers/STM32H7xx_HAL_Driver/Src/stm32h7xx_hal.o
                0x24000438                uwTick
 .bss.retSD     0x2400043c        0x1 ./FATFS/App/fatfs.o
                0x2400043c                retSD
 *fill*         0x2400043d        0x3 
 .bss.SDPath    0x24000440        0x4 ./FATFS/App/fatfs.o
                0x24000440                SDPath
 .bss.WriteStatus
                0x24000444        0x4 ./FATFS/Target/sd_diskio.o
 .bss.ReadStatus
                0x24000448        0x4 ./FATFS/Target/sd_diskio.o
 .bss.disk      0x2400044c        0xc ./Middlewares/Third_Party/FatFs/src/ff_gen_drv.o
                0x2400044c                disk
 .bss.__malloc_sbrk_start
                0x24000458        0x4 C:/ST/STM32CubeIDE_1.12.0/STM32CubeIDE/plugins/com.st.stm32cube.ide.mcu.externaltools.gnu-tools-for-stm32.13.3.rel1.win32_1.0.0.202411081344/tools/bin/../lib/gcc/arm-none-eabi/13.3.1/../../../../arm-none-eabi/lib/thumb/v7e-m+dp/hard\libc_nano.a(libc_a-mallocr.o)
                0x24000458                __malloc_sbrk_start
 .bss.__malloc_free_list
                0x2400045c        0x4 C:/ST/STM32CubeIDE_1.12.0/STM32CubeIDE/plugins/com.st.stm32cube.ide.mcu.externaltools.gnu-tools-for-stm32.13.3.rel1.win32_1.0.0.202411081344/tools/bin/../lib/gcc/arm-none-eabi/13.3.1/../../../../arm-none-eabi/lib/thumb/v7e-m+dp/hard\libc_nano.a(libc_a-mallocr.o)
                0x2400045c                __malloc_free_list
 .bss.__sf      0x24000460      0x138 C:/ST/STM32CubeIDE_1.12.0/STM32CubeIDE/plugins/com.st.stm32cube.ide.mcu.externaltools.gnu-tools-for-stm32.13.3.rel1.win32_1.0.0.202411081344/tools/bin/../lib/gcc/arm-none-eabi/13.3.1/../../../../arm-none-eabi/lib/thumb/v7e-m+dp/hard\libc_nano.a(libc_a-findfp.o)
                0x24000460                __sf
 .bss.__stdio_exit_handler
                0x24000598        0x4 C:/ST/STM32CubeIDE_1.12.0/STM32CubeIDE/plugins/com.st.stm32cube.ide.mcu.externaltools.gnu-tools-for-stm32.13.3.rel1.win32_1.0.0.202411081344/tools/bin/../lib/gcc/arm-none-eabi/13.3.1/../../../../arm-none-eabi/lib/thumb/v7e-m+dp/hard\libc_nano.a(libc_a-findfp.o)
                0x24000598                __stdio_exit_handler
 .bss.errno     0x2400059c        0x4 C:/ST/STM32CubeIDE_1.12.0/STM32CubeIDE/plugins/com.st.stm32cube.ide.mcu.externaltools.gnu-tools-for-stm32.13.3.rel1.win32_1.0.0.202411081344/tools/bin/../lib/gcc/arm-none-eabi/13.3.1/../../../../arm-none-eabi/lib/thumb/v7e-m+dp/hard\libc_nano.a(libc_a-reent.o)
                0x2400059c                errno
 .bss.__lock___malloc_recursive_mutex
                0x240005a0        0x1 C:/ST/STM32CubeIDE_1.12.0/STM32CubeIDE/plugins/com.st.stm32cube.ide.mcu.externaltools.gnu-tools-for-stm32.13.3.rel1.win32_1.0.0.202411081344/tools/bin/../lib/gcc/arm-none-eabi/13.3.1/../../../../arm-none-eabi/lib/thumb/v7e-m+dp/hard\libc_nano.a(libc_a-lock.o)
                0x240005a0                __lock___malloc_recursive_mutex
 .bss.__lock___sfp_recursive_mutex
                0x240005a1        0x1 C:/ST/STM32CubeIDE_1.12.0/STM32CubeIDE/plugins/com.st.stm32cube.ide.mcu.externaltools.gnu-tools-for-stm32.13.3.rel1.win32_1.0.0.202411081344/tools/bin/../lib/gcc/arm-none-eabi/13.3.1/../../../../arm-none-eabi/lib/thumb/v7e-m+dp/hard\libc_nano.a(libc_a-lock.o)
                0x240005a1                __lock___sfp_recursive_mutex
 *(COMMON)
                0x240005a4                        . = ALIGN (0x4)
 *fill*         0x240005a2        0x2 
                0x240005a4                        _ebss = .
                0x240005a4                        __bss_end__ = _ebss

._user_heap_stack
                0x240005a4      0x604 load address 0x0800f94c
                0x240005a8                        . = ALIGN (0x8)
 *fill*         0x240005a4        0x4 
                [!provide]                        PROVIDE (end = .)
                0x240005a8                        PROVIDE (_end = .)
                0x240007a8                        . = (. + _Min_Heap_Size)
 *fill*         0x240005a8      0x200 
                0x24000ba8                        . = (. + _Min_Stack_Size)
 *fill*         0x240007a8      0x400 
                0x24000ba8                        . = ALIGN (0x8)

/DISCARD/
 libc.a(*)
 libm.a(*)
 libgcc.a(*)

.ARM.attributes
                0x00000000       0x2e
 *(.ARM.attributes)
 .ARM.attributes
                0x00000000       0x20 C:/ST/STM32CubeIDE_1.12.0/STM32CubeIDE/plugins/com.st.stm32cube.ide.mcu.externaltools.gnu-tools-for-stm32.13.3.rel1.win32_1.0.0.202411081344/tools/bin/../lib/gcc/arm-none-eabi/13.3.1/thumb/v7e-m+dp/hard/crti.o
 .ARM.attributes
                0x00000020       0x32 C:/ST/STM32CubeIDE_1.12.0/STM32CubeIDE/plugins/com.st.stm32cube.ide.mcu.externaltools.gnu-tools-for-stm32.13.3.rel1.win32_1.0.0.202411081344/tools/bin/../lib/gcc/arm-none-eabi/13.3.1/thumb/v7e-m+dp/hard/crtbegin.o
 .ARM.attributes
                0x00000052       0x32 ./Core/Src/main.o
 .ARM.attributes
                0x00000084       0x32 ./Core/Src/stm32h7xx_hal_msp.o
 .ARM.attributes
                0x000000b6       0x32 ./Core/Src/stm32h7xx_it.o
 .ARM.attributes
                0x000000e8       0x32 ./Core/Src/syscalls.o
 .ARM.attributes
                0x0000011a       0x32 ./Core/Src/sysmem.o
 .ARM.attributes
                0x0000014c       0x32 ./Core/Src/system_stm32h7xx.o
 .ARM.attributes
                0x0000017e       0x21 ./Core/Startup/startup_stm32h725vgtx.o
 .ARM.attributes
                0x0000019f       0x32 ./Drivers/STM32H7xx_HAL_Driver/Src/stm32h7xx_hal.o
 .ARM.attributes
                0x000001d1       0x32 ./Drivers/STM32H7xx_HAL_Driver/Src/stm32h7xx_hal_adc.o
 .ARM.attributes
                0x00000203       0x32 ./Drivers/STM32H7xx_HAL_Driver/Src/stm32h7xx_hal_adc_ex.o
 .ARM.attributes
                0x00000235       0x32 ./Drivers/STM32H7xx_HAL_Driver/Src/stm32h7xx_hal_cortex.o
 .ARM.attributes
                0x00000267       0x32 ./Drivers/STM32H7xx_HAL_Driver/Src/stm32h7xx_hal_dma.o
 .ARM.attributes
                0x00000299       0x32 ./Drivers/STM32H7xx_HAL_Driver/Src/stm32h7xx_hal_gpio.o
 .ARM.attributes
                0x000002cb       0x32 ./Drivers/STM32H7xx_HAL_Driver/Src/stm32h7xx_hal_mdma.o
 .ARM.attributes
                0x000002fd       0x32 ./Drivers/STM32H7xx_HAL_Driver/Src/stm32h7xx_hal_pwr_ex.o
 .ARM.attributes
                0x0000032f       0x32 ./Drivers/STM32H7xx_HAL_Driver/Src/stm32h7xx_hal_rcc.o
 .ARM.attributes
                0x00000361       0x32 ./Drivers/STM32H7xx_HAL_Driver/Src/stm32h7xx_hal_rcc_ex.o
 .ARM.attributes
                0x00000393       0x32 ./Drivers/STM32H7xx_HAL_Driver/Src/stm32h7xx_hal_rtc.o
 .ARM.attributes
                0x000003c5       0x32 ./Drivers/STM32H7xx_HAL_Driver/Src/stm32h7xx_hal_sd.o
 .ARM.attributes
                0x000003f7       0x32 ./Drivers/STM32H7xx_HAL_Driver/Src/stm32h7xx_hal_spi.o
 .ARM.attributes
                0x00000429       0x32 ./Drivers/STM32H7xx_HAL_Driver/Src/stm32h7xx_hal_uart.o
 .ARM.attributes
                0x0000045b       0x32 ./Drivers/STM32H7xx_HAL_Driver/Src/stm32h7xx_hal_uart_ex.o
 .ARM.attributes
                0x0000048d       0x32 ./Drivers/STM32H7xx_HAL_Driver/Src/stm32h7xx_ll_sdmmc.o
 .ARM.attributes
                0x000004bf       0x32 ./FATFS/App/fatfs.o
 .ARM.attributes
                0x000004f1       0x32 ./FATFS/Target/bsp_driver_sd.o
 .ARM.attributes
                0x00000523       0x32 ./FATFS/Target/fatfs_platform.o
 .ARM.attributes
                0x00000555       0x32 ./FATFS/Target/sd_diskio.o
 .ARM.attributes
                0x00000587       0x32 ./Middlewares/Third_Party/FatFs/src/ff_gen_drv.o
 .ARM.attributes
                0x000005b9       0x32 C:/ST/STM32CubeIDE_1.12.0/STM32CubeIDE/plugins/com.st.stm32cube.ide.mcu.externaltools.gnu-tools-for-stm32.13.3.rel1.win32_1.0.0.202411081344/tools/bin/../lib/gcc/arm-none-eabi/13.3.1/../../../../arm-none-eabi/lib/thumb/v7e-m+dp/hard\libc_nano.a(libc_a-mallocr.o)
 .ARM.attributes
                0x000005eb       0x32 C:/ST/STM32CubeIDE_1.12.0/STM32CubeIDE/plugins/com.st.stm32cube.ide.mcu.externaltools.gnu-tools-for-stm32.13.3.rel1.win32_1.0.0.202411081344/tools/bin/../lib/gcc/arm-none-eabi/13.3.1/../../../../arm-none-eabi/lib/thumb/v7e-m+dp/hard\libc_nano.a(libc_a-mlock.o)
 .ARM.attributes
                0x0000061d       0x32 C:/ST/STM32CubeIDE_1.12.0/STM32CubeIDE/plugins/com.st.stm32cube.ide.mcu.externaltools.gnu-tools-for-stm32.13.3.rel1.win32_1.0.0.202411081344/tools/bin/../lib/gcc/arm-none-eabi/13.3.1/../../../../arm-none-eabi/lib/thumb/v7e-m+dp/hard\libc_nano.a(libc_a-findfp.o)
 .ARM.attributes
                0x0000064f       0x32 C:/ST/STM32CubeIDE_1.12.0/STM32CubeIDE/plugins/com.st.stm32cube.ide.mcu.externaltools.gnu-tools-for-stm32.13.3.rel1.win32_1.0.0.202411081344/tools/bin/../lib/gcc/arm-none-eabi/13.3.1/../../../../arm-none-eabi/lib/thumb/v7e-m+dp/hard\libc_nano.a(libc_a-fwalk.o)
 .ARM.attributes
                0x00000681       0x32 C:/ST/STM32CubeIDE_1.12.0/STM32CubeIDE/plugins/com.st.stm32cube.ide.mcu.externaltools.gnu-tools-for-stm32.13.3.rel1.win32_1.0.0.202411081344/tools/bin/../lib/gcc/arm-none-eabi/13.3.1/../../../../arm-none-eabi/lib/thumb/v7e-m+dp/hard\libc_nano.a(libc_a-puts.o)
 .ARM.attributes
                0x000006b3       0x32 C:/ST/STM32CubeIDE_1.12.0/STM32CubeIDE/plugins/com.st.stm32cube.ide.mcu.externaltools.gnu-tools-for-stm32.13.3.rel1.win32_1.0.0.202411081344/tools/bin/../lib/gcc/arm-none-eabi/13.3.1/../../../../arm-none-eabi/lib/thumb/v7e-m+dp/hard\libc_nano.a(libc_a-stdio.o)
 .ARM.attributes
                0x000006e5       0x32 C:/ST/STM32CubeIDE_1.12.0/STM32CubeIDE/plugins/com.st.stm32cube.ide.mcu.externaltools.gnu-tools-for-stm32.13.3.rel1.win32_1.0.0.202411081344/tools/bin/../lib/gcc/arm-none-eabi/13.3.1/../../../../arm-none-eabi/lib/thumb/v7e-m+dp/hard\libc_nano.a(libc_a-wbuf.o)
 .ARM.attributes
                0x00000717       0x32 C:/ST/STM32CubeIDE_1.12.0/STM32CubeIDE/plugins/com.st.stm32cube.ide.mcu.externaltools.gnu-tools-for-stm32.13.3.rel1.win32_1.0.0.202411081344/tools/bin/../lib/gcc/arm-none-eabi/13.3.1/../../../../arm-none-eabi/lib/thumb/v7e-m+dp/hard\libc_nano.a(libc_a-wsetup.o)
 .ARM.attributes
                0x00000749       0x32 C:/ST/STM32CubeIDE_1.12.0/STM32CubeIDE/plugins/com.st.stm32cube.ide.mcu.externaltools.gnu-tools-for-stm32.13.3.rel1.win32_1.0.0.202411081344/tools/bin/../lib/gcc/arm-none-eabi/13.3.1/../../../../arm-none-eabi/lib/thumb/v7e-m+dp/hard\libc_nano.a(libc_a-memset.o)
 .ARM.attributes
                0x0000077b       0x32 C:/ST/STM32CubeIDE_1.12.0/STM32CubeIDE/plugins/com.st.stm32cube.ide.mcu.externaltools.gnu-tools-for-stm32.13.3.rel1.win32_1.0.0.202411081344/tools/bin/../lib/gcc/arm-none-eabi/13.3.1/../../../../arm-none-eabi/lib/thumb/v7e-m+dp/hard\libc_nano.a(libc_a-closer.o)
 .ARM.attributes
                0x000007ad       0x32 C:/ST/STM32CubeIDE_1.12.0/STM32CubeIDE/plugins/com.st.stm32cube.ide.mcu.externaltools.gnu-tools-for-stm32.13.3.rel1.win32_1.0.0.202411081344/tools/bin/../lib/gcc/arm-none-eabi/13.3.1/../../../../arm-none-eabi/lib/thumb/v7e-m+dp/hard\libc_nano.a(libc_a-reent.o)
 .ARM.attributes
                0x000007df       0x32 C:/ST/STM32CubeIDE_1.12.0/STM32CubeIDE/plugins/com.st.stm32cube.ide.mcu.externaltools.gnu-tools-for-stm32.13.3.rel1.win32_1.0.0.202411081344/tools/bin/../lib/gcc/arm-none-eabi/13.3.1/../../../../arm-none-eabi/lib/thumb/v7e-m+dp/hard\libc_nano.a(libc_a-impure.o)
 .ARM.attributes
                0x00000811       0x32 C:/ST/STM32CubeIDE_1.12.0/STM32CubeIDE/plugins/com.st.stm32cube.ide.mcu.externaltools.gnu-tools-for-stm32.13.3.rel1.win32_1.0.0.202411081344/tools/bin/../lib/gcc/arm-none-eabi/13.3.1/../../../../arm-none-eabi/lib/thumb/v7e-m+dp/hard\libc_nano.a(libc_a-lseekr.o)
 .ARM.attributes
                0x00000843       0x32 C:/ST/STM32CubeIDE_1.12.0/STM32CubeIDE/plugins/com.st.stm32cube.ide.mcu.externaltools.gnu-tools-for-stm32.13.3.rel1.win32_1.0.0.202411081344/tools/bin/../lib/gcc/arm-none-eabi/13.3.1/../../../../arm-none-eabi/lib/thumb/v7e-m+dp/hard\libc_nano.a(libc_a-readr.o)
 .ARM.attributes
                0x00000875       0x32 C:/ST/STM32CubeIDE_1.12.0/STM32CubeIDE/plugins/com.st.stm32cube.ide.mcu.externaltools.gnu-tools-for-stm32.13.3.rel1.win32_1.0.0.202411081344/tools/bin/../lib/gcc/arm-none-eabi/13.3.1/../../../../arm-none-eabi/lib/thumb/v7e-m+dp/hard\libc_nano.a(libc_a-sbrkr.o)
 .ARM.attributes
                0x000008a7       0x32 C:/ST/STM32CubeIDE_1.12.0/STM32CubeIDE/plugins/com.st.stm32cube.ide.mcu.externaltools.gnu-tools-for-stm32.13.3.rel1.win32_1.0.0.202411081344/tools/bin/../lib/gcc/arm-none-eabi/13.3.1/../../../../arm-none-eabi/lib/thumb/v7e-m+dp/hard\libc_nano.a(libc_a-writer.o)
 .ARM.attributes
                0x000008d9       0x32 C:/ST/STM32CubeIDE_1.12.0/STM32CubeIDE/plugins/com.st.stm32cube.ide.mcu.externaltools.gnu-tools-for-stm32.13.3.rel1.win32_1.0.0.202411081344/tools/bin/../lib/gcc/arm-none-eabi/13.3.1/../../../../arm-none-eabi/lib/thumb/v7e-m+dp/hard\libc_nano.a(libc_a-errno.o)
 .ARM.attributes
                0x0000090b       0x32 C:/ST/STM32CubeIDE_1.12.0/STM32CubeIDE/plugins/com.st.stm32cube.ide.mcu.externaltools.gnu-tools-for-stm32.13.3.rel1.win32_1.0.0.202411081344/tools/bin/../lib/gcc/arm-none-eabi/13.3.1/../../../../arm-none-eabi/lib/thumb/v7e-m+dp/hard\libc_nano.a(libc_a-init.o)
 .ARM.attributes
                0x0000093d       0x32 C:/ST/STM32CubeIDE_1.12.0/STM32CubeIDE/plugins/com.st.stm32cube.ide.mcu.externaltools.gnu-tools-for-stm32.13.3.rel1.win32_1.0.0.202411081344/tools/bin/../lib/gcc/arm-none-eabi/13.3.1/../../../../arm-none-eabi/lib/thumb/v7e-m+dp/hard\libc_nano.a(libc_a-lock.o)
 .ARM.attributes
                0x0000096f       0x32 C:/ST/STM32CubeIDE_1.12.0/STM32CubeIDE/plugins/com.st.stm32cube.ide.mcu.externaltools.gnu-tools-for-stm32.13.3.rel1.win32_1.0.0.202411081344/tools/bin/../lib/gcc/arm-none-eabi/13.3.1/../../../../arm-none-eabi/lib/thumb/v7e-m+dp/hard\libc_nano.a(libc_a-freer.o)
 .ARM.attributes
                0x000009a1       0x32 C:/ST/STM32CubeIDE_1.12.0/STM32CubeIDE/plugins/com.st.stm32cube.ide.mcu.externaltools.gnu-tools-for-stm32.13.3.rel1.win32_1.0.0.202411081344/tools/bin/../lib/gcc/arm-none-eabi/13.3.1/../../../../arm-none-eabi/lib/thumb/v7e-m+dp/hard\libc_nano.a(libc_a-fflush.o)
 .ARM.attributes
                0x000009d3       0x32 C:/ST/STM32CubeIDE_1.12.0/STM32CubeIDE/plugins/com.st.stm32cube.ide.mcu.externaltools.gnu-tools-for-stm32.13.3.rel1.win32_1.0.0.202411081344/tools/bin/../lib/gcc/arm-none-eabi/13.3.1/../../../../arm-none-eabi/lib/thumb/v7e-m+dp/hard\libc_nano.a(libc_a-makebuf.o)
 .ARM.attributes
                0x00000a05       0x32 C:/ST/STM32CubeIDE_1.12.0/STM32CubeIDE/plugins/com.st.stm32cube.ide.mcu.externaltools.gnu-tools-for-stm32.13.3.rel1.win32_1.0.0.202411081344/tools/bin/../lib/gcc/arm-none-eabi/13.3.1/../../../../arm-none-eabi/lib/thumb/v7e-m+dp/hard\libc_nano.a(libc_a-fstatr.o)
 .ARM.attributes
                0x00000a37       0x32 C:/ST/STM32CubeIDE_1.12.0/STM32CubeIDE/plugins/com.st.stm32cube.ide.mcu.externaltools.gnu-tools-for-stm32.13.3.rel1.win32_1.0.0.202411081344/tools/bin/../lib/gcc/arm-none-eabi/13.3.1/../../../../arm-none-eabi/lib/thumb/v7e-m+dp/hard\libc_nano.a(libc_a-isattyr.o)
 .ARM.attributes
                0x00000a69       0x20 C:/ST/STM32CubeIDE_1.12.0/STM32CubeIDE/plugins/com.st.stm32cube.ide.mcu.externaltools.gnu-tools-for-stm32.13.3.rel1.win32_1.0.0.202411081344/tools/bin/../lib/gcc/arm-none-eabi/13.3.1/thumb/v7e-m+dp/hard\libgcc.a(_aeabi_uldivmod.o)
 .ARM.attributes
                0x00000a89       0x32 C:/ST/STM32CubeIDE_1.12.0/STM32CubeIDE/plugins/com.st.stm32cube.ide.mcu.externaltools.gnu-tools-for-stm32.13.3.rel1.win32_1.0.0.202411081344/tools/bin/../lib/gcc/arm-none-eabi/13.3.1/thumb/v7e-m+dp/hard\libgcc.a(_udivmoddi4.o)
 .ARM.attributes